###############################################################################
#                                                                             #
# IAR ELF Linker V6.70.2.6274/W32 for ARM               12/May/2020  21:23:51 #
# Copyright 2007-2013 IAR Systems AB.                                         #
#                                                                             #
#    Output file  =  D:\Current Projects\#1 Memristor tuning                  #
#                    circuit\memristor based control\mcu code\paper           #
#                    code\0.1ms control period\test                           #
#                    code\CBY_K60_balance_DAC\project\(DMA PDB                #
#                    ADC)LPLD_DmaPdbADCx4\iar\FLASH\Exe\LPLD_DmaPdbADCx4_K60. #
#                    out                                                      #
#    Map file     =  D:\Current Projects\#1 Memristor tuning                  #
#                    circuit\memristor based control\mcu code\paper           #
#                    code\0.1ms control period\test                           #
#                    code\CBY_K60_balance_DAC\project\(DMA PDB                #
#                    ADC)LPLD_DmaPdbADCx4\iar\FLASH\List\LPLD_DmaPdbADCx4_K60 #
#                    .map                                                     #
#    Command line =  "D:\Current Projects\#1 Memristor tuning                 #
#                    circuit\memristor based control\mcu code\paper           #
#                    code\0.1ms control period\test                           #
#                    code\CBY_K60_balance_DAC\project\(DMA PDB                #
#                    ADC)LPLD_DmaPdbADCx4\iar\FLASH\Obj\alloc.o" "D:\Current  #
#                    Projects\#1 Memristor tuning circuit\memristor based     #
#                    control\mcu code\paper code\0.1ms control period\test    #
#                    code\CBY_K60_balance_DAC\project\(DMA PDB                #
#                    ADC)LPLD_DmaPdbADCx4\iar\FLASH\Obj\angle_dmp.o"          #
#                    "D:\Current Projects\#1 Memristor tuning                 #
#                    circuit\memristor based control\mcu code\paper           #
#                    code\0.1ms control period\test                           #
#                    code\CBY_K60_balance_DAC\project\(DMA PDB                #
#                    ADC)LPLD_DmaPdbADCx4\iar\FLASH\Obj\assert.o"             #
#                    "D:\Current Projects\#1 Memristor tuning                 #
#                    circuit\memristor based control\mcu code\paper           #
#                    code\0.1ms control period\test                           #
#                    code\CBY_K60_balance_DAC\project\(DMA PDB                #
#                    ADC)LPLD_DmaPdbADCx4\iar\FLASH\Obj\debug.o" "D:\Current  #
#                    Projects\#1 Memristor tuning circuit\memristor based     #
#                    control\mcu code\paper code\0.1ms control period\test    #
#                    code\CBY_K60_balance_DAC\project\(DMA PDB                #
#                    ADC)LPLD_DmaPdbADCx4\iar\FLASH\Obj\HW_ADC.o"             #
#                    "D:\Current Projects\#1 Memristor tuning                 #
#                    circuit\memristor based control\mcu code\paper           #
#                    code\0.1ms control period\test                           #
#                    code\CBY_K60_balance_DAC\project\(DMA PDB                #
#                    ADC)LPLD_DmaPdbADCx4\iar\FLASH\Obj\HW_CAN.o"             #
#                    "D:\Current Projects\#1 Memristor tuning                 #
#                    circuit\memristor based control\mcu code\paper           #
#                    code\0.1ms control period\test                           #
#                    code\CBY_K60_balance_DAC\project\(DMA PDB                #
#                    ADC)LPLD_DmaPdbADCx4\iar\FLASH\Obj\HW_DAC.o"             #
#                    "D:\Current Projects\#1 Memristor tuning                 #
#                    circuit\memristor based control\mcu code\paper           #
#                    code\0.1ms control period\test                           #
#                    code\CBY_K60_balance_DAC\project\(DMA PDB                #
#                    ADC)LPLD_DmaPdbADCx4\iar\FLASH\Obj\HW_DMA.o"             #
#                    "D:\Current Projects\#1 Memristor tuning                 #
#                    circuit\memristor based control\mcu code\paper           #
#                    code\0.1ms control period\test                           #
#                    code\CBY_K60_balance_DAC\project\(DMA PDB                #
#                    ADC)LPLD_DmaPdbADCx4\iar\FLASH\Obj\HW_ENET.o"            #
#                    "D:\Current Projects\#1 Memristor tuning                 #
#                    circuit\memristor based control\mcu code\paper           #
#                    code\0.1ms control period\test                           #
#                    code\CBY_K60_balance_DAC\project\(DMA PDB                #
#                    ADC)LPLD_DmaPdbADCx4\iar\FLASH\Obj\HW_FLASH.o"           #
#                    "D:\Current Projects\#1 Memristor tuning                 #
#                    circuit\memristor based control\mcu code\paper           #
#                    code\0.1ms control period\test                           #
#                    code\CBY_K60_balance_DAC\project\(DMA PDB                #
#                    ADC)LPLD_DmaPdbADCx4\iar\FLASH\Obj\HW_FLEXBUS.o"         #
#                    "D:\Current Projects\#1 Memristor tuning                 #
#                    circuit\memristor based control\mcu code\paper           #
#                    code\0.1ms control period\test                           #
#                    code\CBY_K60_balance_DAC\project\(DMA PDB                #
#                    ADC)LPLD_DmaPdbADCx4\iar\FLASH\Obj\HW_FTM.o"             #
#                    "D:\Current Projects\#1 Memristor tuning                 #
#                    circuit\memristor based control\mcu code\paper           #
#                    code\0.1ms control period\test                           #
#                    code\CBY_K60_balance_DAC\project\(DMA PDB                #
#                    ADC)LPLD_DmaPdbADCx4\iar\FLASH\Obj\HW_GPIO.o"            #
#                    "D:\Current Projects\#1 Memristor tuning                 #
#                    circuit\memristor based control\mcu code\paper           #
#                    code\0.1ms control period\test                           #
#                    code\CBY_K60_balance_DAC\project\(DMA PDB                #
#                    ADC)LPLD_DmaPdbADCx4\iar\FLASH\Obj\HW_I2C.o"             #
#                    "D:\Current Projects\#1 Memristor tuning                 #
#                    circuit\memristor based control\mcu code\paper           #
#                    code\0.1ms control period\test                           #
#                    code\CBY_K60_balance_DAC\project\(DMA PDB                #
#                    ADC)LPLD_DmaPdbADCx4\iar\FLASH\Obj\HW_LPTMR.o"           #
#                    "D:\Current Projects\#1 Memristor tuning                 #
#                    circuit\memristor based control\mcu code\paper           #
#                    code\0.1ms control period\test                           #
#                    code\CBY_K60_balance_DAC\project\(DMA PDB                #
#                    ADC)LPLD_DmaPdbADCx4\iar\FLASH\Obj\HW_MCG.o"             #
#                    "D:\Current Projects\#1 Memristor tuning                 #
#                    circuit\memristor based control\mcu code\paper           #
#                    code\0.1ms control period\test                           #
#                    code\CBY_K60_balance_DAC\project\(DMA PDB                #
#                    ADC)LPLD_DmaPdbADCx4\iar\FLASH\Obj\HW_PDB.o"             #
#                    "D:\Current Projects\#1 Memristor tuning                 #
#                    circuit\memristor based control\mcu code\paper           #
#                    code\0.1ms control period\test                           #
#                    code\CBY_K60_balance_DAC\project\(DMA PDB                #
#                    ADC)LPLD_DmaPdbADCx4\iar\FLASH\Obj\HW_PIT.o"             #
#                    "D:\Current Projects\#1 Memristor tuning                 #
#                    circuit\memristor based control\mcu code\paper           #
#                    code\0.1ms control period\test                           #
#                    code\CBY_K60_balance_DAC\project\(DMA PDB                #
#                    ADC)LPLD_DmaPdbADCx4\iar\FLASH\Obj\HW_RTC.o"             #
#                    "D:\Current Projects\#1 Memristor tuning                 #
#                    circuit\memristor based control\mcu code\paper           #
#                    code\0.1ms control period\test                           #
#                    code\CBY_K60_balance_DAC\project\(DMA PDB                #
#                    ADC)LPLD_DmaPdbADCx4\iar\FLASH\Obj\HW_SDHC.o"            #
#                    "D:\Current Projects\#1 Memristor tuning                 #
#                    circuit\memristor based control\mcu code\paper           #
#                    code\0.1ms control period\test                           #
#                    code\CBY_K60_balance_DAC\project\(DMA PDB                #
#                    ADC)LPLD_DmaPdbADCx4\iar\FLASH\Obj\HW_SPI.o"             #
#                    "D:\Current Projects\#1 Memristor tuning                 #
#                    circuit\memristor based control\mcu code\paper           #
#                    code\0.1ms control period\test                           #
#                    code\CBY_K60_balance_DAC\project\(DMA PDB                #
#                    ADC)LPLD_DmaPdbADCx4\iar\FLASH\Obj\HW_TSI.o"             #
#                    "D:\Current Projects\#1 Memristor tuning                 #
#                    circuit\memristor based control\mcu code\paper           #
#                    code\0.1ms control period\test                           #
#                    code\CBY_K60_balance_DAC\project\(DMA PDB                #
#                    ADC)LPLD_DmaPdbADCx4\iar\FLASH\Obj\HW_UART.o"            #
#                    "D:\Current Projects\#1 Memristor tuning                 #
#                    circuit\memristor based control\mcu code\paper           #
#                    code\0.1ms control period\test                           #
#                    code\CBY_K60_balance_DAC\project\(DMA PDB                #
#                    ADC)LPLD_DmaPdbADCx4\iar\FLASH\Obj\HW_WDOG.o"            #
#                    "D:\Current Projects\#1 Memristor tuning                 #
#                    circuit\memristor based control\mcu code\paper           #
#                    code\0.1ms control period\test                           #
#                    code\CBY_K60_balance_DAC\project\(DMA PDB                #
#                    ADC)LPLD_DmaPdbADCx4\iar\FLASH\Obj\iic.o" "D:\Current    #
#                    Projects\#1 Memristor tuning circuit\memristor based     #
#                    control\mcu code\paper code\0.1ms control period\test    #
#                    code\CBY_K60_balance_DAC\project\(DMA PDB                #
#                    ADC)LPLD_DmaPdbADCx4\iar\FLASH\Obj\init.o" "D:\Current   #
#                    Projects\#1 Memristor tuning circuit\memristor based     #
#                    control\mcu code\paper code\0.1ms control period\test    #
#                    code\CBY_K60_balance_DAC\project\(DMA PDB                #
#                    ADC)LPLD_DmaPdbADCx4\iar\FLASH\Obj\interrupt.o"          #
#                    "D:\Current Projects\#1 Memristor tuning                 #
#                    circuit\memristor based control\mcu code\paper           #
#                    code\0.1ms control period\test                           #
#                    code\CBY_K60_balance_DAC\project\(DMA PDB                #
#                    ADC)LPLD_DmaPdbADCx4\iar\FLASH\Obj\inv_mpu.o"            #
#                    "D:\Current Projects\#1 Memristor tuning                 #
#                    circuit\memristor based control\mcu code\paper           #
#                    code\0.1ms control period\test                           #
#                    code\CBY_K60_balance_DAC\project\(DMA PDB                #
#                    ADC)LPLD_DmaPdbADCx4\iar\FLASH\Obj\inv_mpu_dmp_motion_dr #
#                    iver.o" "D:\Current Projects\#1 Memristor tuning         #
#                    circuit\memristor based control\mcu code\paper           #
#                    code\0.1ms control period\test                           #
#                    code\CBY_K60_balance_DAC\project\(DMA PDB                #
#                    ADC)LPLD_DmaPdbADCx4\iar\FLASH\Obj\io.o" "D:\Current     #
#                    Projects\#1 Memristor tuning circuit\memristor based     #
#                    control\mcu code\paper code\0.1ms control period\test    #
#                    code\CBY_K60_balance_DAC\project\(DMA PDB                #
#                    ADC)LPLD_DmaPdbADCx4\iar\FLASH\Obj\kalman.o"             #
#                    "D:\Current Projects\#1 Memristor tuning                 #
#                    circuit\memristor based control\mcu code\paper           #
#                    code\0.1ms control period\test                           #
#                    code\CBY_K60_balance_DAC\project\(DMA PDB                #
#                    ADC)LPLD_DmaPdbADCx4\iar\FLASH\Obj\LPLD_DmaPdbADCx4.o"   #
#                    "D:\Current Projects\#1 Memristor tuning                 #
#                    circuit\memristor based control\mcu code\paper           #
#                    code\0.1ms control period\test                           #
#                    code\CBY_K60_balance_DAC\project\(DMA PDB                #
#                    ADC)LPLD_DmaPdbADCx4\iar\FLASH\Obj\MPU6050.o"            #
#                    "D:\Current Projects\#1 Memristor tuning                 #
#                    circuit\memristor based control\mcu code\paper           #
#                    code\0.1ms control period\test                           #
#                    code\CBY_K60_balance_DAC\project\(DMA PDB                #
#                    ADC)LPLD_DmaPdbADCx4\iar\FLASH\Obj\OLED.o" "D:\Current   #
#                    Projects\#1 Memristor tuning circuit\memristor based     #
#                    control\mcu code\paper code\0.1ms control period\test    #
#                    code\CBY_K60_balance_DAC\project\(DMA PDB                #
#                    ADC)LPLD_DmaPdbADCx4\iar\FLASH\Obj\printf.o"             #
#                    "D:\Current Projects\#1 Memristor tuning                 #
#                    circuit\memristor based control\mcu code\paper           #
#                    code\0.1ms control period\test                           #
#                    code\CBY_K60_balance_DAC\project\(DMA PDB                #
#                    ADC)LPLD_DmaPdbADCx4\iar\FLASH\Obj\queue.o" "D:\Current  #
#                    Projects\#1 Memristor tuning circuit\memristor based     #
#                    control\mcu code\paper code\0.1ms control period\test    #
#                    code\CBY_K60_balance_DAC\project\(DMA PDB                #
#                    ADC)LPLD_DmaPdbADCx4\iar\FLASH\Obj\relocate.o"           #
#                    "D:\Current Projects\#1 Memristor tuning                 #
#                    circuit\memristor based control\mcu code\paper           #
#                    code\0.1ms control period\test                           #
#                    code\CBY_K60_balance_DAC\project\(DMA PDB                #
#                    ADC)LPLD_DmaPdbADCx4\iar\FLASH\Obj\run_fun.o"            #
#                    "D:\Current Projects\#1 Memristor tuning                 #
#                    circuit\memristor based control\mcu code\paper           #
#                    code\0.1ms control period\test                           #
#                    code\CBY_K60_balance_DAC\project\(DMA PDB                #
#                    ADC)LPLD_DmaPdbADCx4\iar\FLASH\Obj\startup_K60.o"        #
#                    "D:\Current Projects\#1 Memristor tuning                 #
#                    circuit\memristor based control\mcu code\paper           #
#                    code\0.1ms control period\test                           #
#                    code\CBY_K60_balance_DAC\project\(DMA PDB                #
#                    ADC)LPLD_DmaPdbADCx4\iar\FLASH\Obj\stdlib.o"             #
#                    "D:\Current Projects\#1 Memristor tuning                 #
#                    circuit\memristor based control\mcu code\paper           #
#                    code\0.1ms control period\test                           #
#                    code\CBY_K60_balance_DAC\project\(DMA PDB                #
#                    ADC)LPLD_DmaPdbADCx4\iar\FLASH\Obj\system_MK60DZ10.o"    #
#                    "D:\Current Projects\#1 Memristor tuning                 #
#                    circuit\memristor based control\mcu code\paper           #
#                    code\0.1ms control period\test                           #
#                    code\CBY_K60_balance_DAC\project\(DMA PDB                #
#                    ADC)LPLD_DmaPdbADCx4\iar\FLASH\Obj\uif.o" --redirect     #
#                    _Printf=_PrintfFull --redirect _Scanf=_ScanfFull -o      #
#                    "D:\Current Projects\#1 Memristor tuning                 #
#                    circuit\memristor based control\mcu code\paper           #
#                    code\0.1ms control period\test                           #
#                    code\CBY_K60_balance_DAC\project\(DMA PDB                #
#                    ADC)LPLD_DmaPdbADCx4\iar\FLASH\Exe\LPLD_DmaPdbADCx4_K60. #
#                    out" --map "D:\Current Projects\#1 Memristor tuning      #
#                    circuit\memristor based control\mcu code\paper           #
#                    code\0.1ms control period\test                           #
#                    code\CBY_K60_balance_DAC\project\(DMA PDB                #
#                    ADC)LPLD_DmaPdbADCx4\iar\FLASH\List\LPLD_DmaPdbADCx4_K60 #
#                    .map" --config "D:\Current Projects\#1 Memristor tuning  #
#                    circuit\memristor based control\mcu code\paper           #
#                    code\0.1ms control period\test                           #
#                    code\CBY_K60_balance_DAC\project\(DMA PDB                #
#                    ADC)LPLD_DmaPdbADCx4\iar\..\..\..\lib\iar_config_files\L #
#                    PLD_K60DN512_FLASH.icf" --semihosting --entry            #
#                    __iar_program_start "C:\Program Files (x86)\IAR          #
#                    Systems\Embedded Workbench 6.5_2\arm\CMSIS\Lib\IAR\iar_c #
#                    ortexM4l_math.a" --merge_duplicate_sections --vfe        #
#                                                                             #
#                                                                             #
###############################################################################

*******************************************************************************
*** RUNTIME MODEL ATTRIBUTES
***

CppFlavor       = *
__SystemLibrary = DLib


*******************************************************************************
*** PLACEMENT SUMMARY
***

"A1":  place at 0x00000000 { ro section .intvec };
"A2":  place at 0x00000410 { ro section .noinit };
"P1":  place in [from 0x00000000 to 0x00080000] { ro, block CodeRelocate };
"P2":  place in [from 0x1fff0410 to 0x20010000] {
          rw, block CodeRelocateRam, block CSTACK, block HEAP };

  Section              Kind        Address    Size  Object
  -------              ----        -------    ----  ------
"A1":                                        0x400
  .intvec              ro code  0x00000000   0x400  startup_K60.o [1]
                              - 0x00000400   0x400

"P1", part 1 of 2:                             0x0
  .rodata              const    0x00000400     0x0  zero_init3.o [5]

"A2":                                         0x14
  .noinit              ro code  0x00000410    0x10  startup_K60.o [1]
  .noinit              ro code  0x00000420     0x4  startup_K60.o [1]
                              - 0x00000424    0x14

"P1", part 2 of 2:                          0x6c98
  .text                ro code  0x00000424   0xf84  inv_mpu.o [1]
  .text                ro code  0x000013a8   0x498  iic.o [1]
  .text                ro code  0x00001840    0x7c  stdlib.o [1]
  .text                ro code  0x000018bc    0x56  ABImemcpy_unaligned.o [5]
  .text                ro code  0x00001912    0x22  zero_init3.o [5]
  .text                ro code  0x00001934   0x254  HW_GPIO.o [1]
  .text                ro code  0x00001b88    0x14  assert.o [1]
  .text                ro code  0x00001b9c   0x4fa  printf.o [1]
  .rodata              const    0x00002096     0x2  inv_mpu_dmp_motion_driver.o [1]
  .text                ro code  0x00002098   0x31c  OLED.o [1]
  .rodata              const    0x000023b4   0xbf8  inv_mpu_dmp_motion_driver.o [1]
  .text                ro code  0x00002fac   0x918  HW_FTM.o [1]
  .text                ro code  0x000038c4   0x7c0  inv_mpu_dmp_motion_driver.o [1]
  .text                ro code  0x00004084    0x32  I32ToFlt.o [4]
  .rodata              const    0x000040b6     0x1  kalman.o [1]
  .text                ro code  0x000040b8    0xfc  FltDiv.o [4]
  .text                ro code  0x000041b4    0xd8  FltMul.o [4]
  .text                ro code  0x0000428c    0x44  FltToS32.o [4]
  .text                ro code  0x000042d0   0x50c  HW_UART.o [1]
  .text                ro code  0x000047dc   0x4c8  HW_ADC.o [1]
  .text                ro code  0x00004ca4   0x384  init.o [1]
  .text                ro code  0x00005028     0x6  ABImemclr4.o [5]
  .text                ro code  0x00005030   0x178  HW_PIT.o [1]
  .text                ro code  0x000051a8    0x32  ABImemset48.o [5]
  .text                ro code  0x000051dc   0x2b8  angle_dmp.o [1]
  .text                ro code  0x00005494   0x2a0  kalman.o [1]
  .text                ro code  0x00005734    0xe6  FltSub.o [4]
  .text                ro code  0x0000581c    0x84  FltAdd.o [4]
  .rodata              const    0x000058a0   0x228  OLED.o [1]
  .text                ro code  0x00005ac8   0x218  HW_SPI.o [1]
  .text                ro code  0x00005ce0   0x1e2  HW_CAN.o [1]
  .text                ro code  0x00005ec4   0x1a8  system_MK60DZ10.o [1]
  .text                ro code  0x0000606c    0xa0  relocate.o [1]
  Veneer               ro code  0x0000610c     0x8  - Linker created -
  .text                ro code  0x00006114   0x1a4  HW_MCG.o [1]
  .text                ro code  0x000062b8   0x168  HW_DMA.o [1]
  .text                ro code  0x00006420   0x108  LPLD_DmaPdbADCx4.o [1]
  .text                ro code  0x00006528    0x62  MPU6050.o [1]
  .text                ro code  0x0000658c    0xe4  run_fun.o [1]
  .text                ro code  0x00006670    0xf4  HW_DAC.o [1]
  .text                ro code  0x00006764    0xcc  HW_I2C.o [1]
  .text                ro code  0x00006830    0xb8  interrupt.o [1]
  .rodata              const    0x000068e8    0x88  HW_ADC.o [1]
  .rodata              const    0x00006970    0x88  HW_FTM.o [1]
  .rodata              const    0x000069f8    0x88  HW_GPIO.o [1]
  .rodata              const    0x00006a80    0x88  HW_PIT.o [1]
  .text                ro code  0x00006b08    0x80  HW_ENET.o [1]
  .text                ro code  0x00006b88    0x80  HW_PDB.o [1]
  .data_init                    0x00006c08    0x78  <Block>
    Initializer bytes  ro data  0x00006c08    0x78  <for .data-1>
  .text                ro code  0x00006c80    0x70  HW_TSI.o [1]
  .text                ro code  0x00006cf0    0x60  HW_RTC.o [1]
  CodeRelocate                  0x00006d50    0x4c  <Block>
    Initializer bytes  ro data  0x00006d50    0x4c  <for CodeRelocateRam-1>
  .rodata              const    0x00006d9c    0x48  system_MK60DZ10.o [1]
  .rodata              const    0x00006de4    0x44  system_MK60DZ10.o [1]
  .rodata              const    0x00006e28    0x44  system_MK60DZ10.o [1]
  .rodata              const    0x00006e6c    0x30  assert.o [1]
  .rodata              const    0x00006e9c    0x30  system_MK60DZ10.o [1]
  .rodata              const    0x00006ecc    0x30  system_MK60DZ10.o [1]
  .rodata              const    0x00006efc    0x28  inv_mpu.o [1]
  .text                ro code  0x00006f24    0x28  data_init.o [5]
  .rodata              const    0x00006f4c    0x24  system_MK60DZ10.o [1]
  .rodata              const    0x00006f70    0x24  system_MK60DZ10.o [1]
  .iar.init_table      const    0x00006f94    0x10  - Linker created -
  .rodata              const    0x00006fa4    0x20  inv_mpu.o [1]
  .rodata              const    0x00006fc4    0x20  system_MK60DZ10.o [1]
  .text                ro code  0x00006fe4    0x20  HW_LPTMR.o [1]
  .text                ro code  0x00007004    0x1a  cmain.o [5]
  .text                ro code  0x0000701e     0x4  low_level_init.o [3]
  .text                ro code  0x00007022     0x4  exit.o [3]
  .text                ro code  0x00007028     0xa  cexit.o [5]
  .text                ro code  0x00007034    0x14  exit.o [6]
  .text                ro code  0x00007048    0x14  io.o [1]
  .rodata              const    0x0000705c     0xc  inv_mpu.o [1]
  .rodata              const    0x00007068     0xc  inv_mpu_dmp_motion_driver.o [1]
  .rodata              const    0x00007074     0xc  inv_mpu_dmp_motion_driver.o [1]
  .rodata              const    0x00007080     0xc  inv_mpu_dmp_motion_driver.o [1]
  .rodata              const    0x0000708c     0xc  LPLD_DmaPdbADCx4.o [1]
  .text                ro code  0x00007098     0xc  cstartup_M.o [5]
  .rodata              const    0x000070a4     0x8  system_MK60DZ10.o [1]
  .rodata              const    0x000070ac     0x4  inv_mpu_dmp_motion_driver.o [1]
  .rodata              const    0x000070b0     0x4  inv_mpu_dmp_motion_driver.o [1]
  .rodata              const    0x000070b4     0x4  inv_mpu_dmp_motion_driver.o [1]
  .rodata              const    0x000070b8     0x4  inv_mpu_dmp_motion_driver.o [1]
                              - 0x000070bc  0x6c98

"P2", part 1 of 3:                            0xc4
  .data                         0x1fff0410    0x78  <Block>
    .data-1                     0x1fff0410    0x78  <Init block>
      .data            inited   0x1fff0410     0xc  angle_dmp.o [1]
      .data            inited   0x1fff041c     0x4  HW_MCG.o [1]
      .data            inited   0x1fff0420     0x4  HW_MCG.o [1]
      .data            inited   0x1fff0424     0x4  HW_MCG.o [1]
      .data            inited   0x1fff0428     0x4  HW_MCG.o [1]
      .data            inited   0x1fff042c    0x2c  inv_mpu.o [1]
      .data            inited   0x1fff0458     0x4  kalman.o [1]
      .data            inited   0x1fff045c     0x4  kalman.o [1]
      .data            inited   0x1fff0460     0x4  kalman.o [1]
      .data            inited   0x1fff0464     0x4  kalman.o [1]
      .data            inited   0x1fff0468    0x10  kalman.o [1]
      .data            inited   0x1fff0478     0x4  LPLD_DmaPdbADCx4.o [1]
      .data            inited   0x1fff047c     0x4  LPLD_DmaPdbADCx4.o [1]
      .data            inited   0x1fff0480     0x4  run_fun.o [1]
      .data            inited   0x1fff0484     0x4  system_MK60DZ10.o [1]
  CodeRelocateRam               0x1fff0488    0x4c  <Block>
    CodeRelocateRam-1           0x1fff0488    0x4c  <Init block>
      .textrw          inited   0x1fff0488    0x4c  HW_MCG.o [1]
                              - 0x1fff04d4    0xc4

"P2", part 2 of 3:                           0x3b4
  .bss                          0x1fff04d4   0x3b0  <Block>
    .bss               zero     0x1fff04d4    0x10  angle_dmp.o [1]
    .bss               zero     0x1fff04e4     0x8  HW_ADC.o [1]
    .bss               zero     0x1fff04ec   0x100  HW_CAN.o [1]
    .bss               zero     0x1fff05ec    0x40  HW_CAN.o [1]
    .bss               zero     0x1fff062c    0x40  HW_CAN.o [1]
    .bss               zero     0x1fff066c     0x8  HW_DAC.o [1]
    .bss               zero     0x1fff0674     0x8  HW_DAC.o [1]
    .bss               zero     0x1fff067c     0x8  HW_DAC.o [1]
    .bss               zero     0x1fff0684    0x40  HW_DMA.o [1]
    .bss               zero     0x1fff06c4    0x10  HW_ENET.o [1]
    .bss               zero     0x1fff06d4     0xc  HW_FTM.o [1]
    .bss               zero     0x1fff06e0    0x14  HW_GPIO.o [1]
    .bss               zero     0x1fff06f4     0x8  HW_I2C.o [1]
    .bss               zero     0x1fff06fc     0x4  HW_LPTMR.o [1]
    .bss               zero     0x1fff0700     0x4  HW_PDB.o [1]
    .bss               zero     0x1fff0704     0x4  HW_PDB.o [1]
    .bss               zero     0x1fff0708    0x10  HW_PIT.o [1]
    .bss               zero     0x1fff0718     0xc  HW_RTC.o [1]
    .bss               zero     0x1fff0724    0x18  HW_SPI.o [1]
    .bss               zero     0x1fff073c    0x18  HW_SPI.o [1]
    .bss               zero     0x1fff0754    0x18  HW_SPI.o [1]
    .bss               zero     0x1fff076c     0x8  HW_TSI.o [1]
    .bss               zero     0x1fff0774    0x18  HW_UART.o [1]
    .bss               zero     0x1fff078c    0x18  HW_UART.o [1]
    .bss               zero     0x1fff07a4    0x14  init.o [1]
    .bss               zero     0x1fff07b8    0x14  init.o [1]
    .bss               zero     0x1fff07cc    0x14  init.o [1]
    .bss               zero     0x1fff07e0    0x14  init.o [1]
    .bss               zero     0x1fff07f4    0x10  inv_mpu_dmp_motion_driver.o [1]
    .bss               zero     0x1fff0804    0x10  kalman.o [1]
    .bss               zero     0x1fff0814     0x4  kalman.o [1]
    .bss               zero     0x1fff0818     0x4  kalman.o [1]
    .bss               zero     0x1fff081c     0x4  kalman.o [1]
    .bss               zero     0x1fff0820     0x4  kalman.o [1]
    .bss               zero     0x1fff0824     0x4  kalman.o [1]
    .bss               zero     0x1fff0828     0x4  kalman.o [1]
    .bss               zero     0x1fff082c     0x4  kalman.o [1]
    .bss               zero     0x1fff0830     0x4  kalman.o [1]
    .bss               zero     0x1fff0834     0x4  kalman.o [1]
    .bss               zero     0x1fff0838     0x4  LPLD_DmaPdbADCx4.o [1]
    .bss               zero     0x1fff083c     0x4  LPLD_DmaPdbADCx4.o [1]
    .bss               zero     0x1fff0840     0x4  LPLD_DmaPdbADCx4.o [1]
    .bss               zero     0x1fff0844     0x4  LPLD_DmaPdbADCx4.o [1]
    .bss               zero     0x1fff0848     0x4  LPLD_DmaPdbADCx4.o [1]
    .bss               zero     0x1fff084c     0x4  LPLD_DmaPdbADCx4.o [1]
    .bss               zero     0x1fff0850     0x4  LPLD_DmaPdbADCx4.o [1]
    .bss               zero     0x1fff0854     0x4  LPLD_DmaPdbADCx4.o [1]
    .bss               zero     0x1fff0858     0x4  LPLD_DmaPdbADCx4.o [1]
    .bss               zero     0x1fff085c     0x4  LPLD_DmaPdbADCx4.o [1]
    .bss               zero     0x1fff0860     0x4  LPLD_DmaPdbADCx4.o [1]
    .bss               zero     0x1fff0864     0x4  LPLD_DmaPdbADCx4.o [1]
    .bss               zero     0x1fff0868     0x4  LPLD_DmaPdbADCx4.o [1]
    .bss               zero     0x1fff086c     0x4  LPLD_DmaPdbADCx4.o [1]
    .bss               zero     0x1fff0870     0x4  LPLD_DmaPdbADCx4.o [1]
    .bss               zero     0x1fff0874     0x4  run_fun.o [1]
    .bss               zero     0x1fff0878     0x4  run_fun.o [1]
    .bss               zero     0x1fff087c     0x2  LPLD_DmaPdbADCx4.o [1]
    .bss               zero     0x1fff087e     0x2  LPLD_DmaPdbADCx4.o [1]
    .bss               zero     0x1fff0880     0x2  LPLD_DmaPdbADCx4.o [1]
    .bss               zero     0x1fff0882     0x1  iic.o [1]
    .bss               zero     0x1fff0883     0x1  LPLD_DmaPdbADCx4.o [1]
                              - 0x1fff0884   0x3b0

"P2", part 3 of 3:                          0x1000
  CSTACK                        0x1fff0888  0x1000  <Block>
    CSTACK             uninit   0x1fff0888  0x1000  <Block tail>
                              - 0x1fff1888  0x1000


*******************************************************************************
*** INIT TABLE
***

          Address     Size
          -------     ----
Zero (__iar_zero_init3)
    1 destination range, total size 0x3b0:
          0x1fff04d4  0x3b0



*******************************************************************************
*** MODULE SUMMARY
***

    Module                       ro code  rw code  ro data  rw data
    ------                       -------  -------  -------  -------
D:\Current Projects\#1 Memristor tuning circuit\memristor based control\mcu code\paper code\0.1ms control period\test code\CBY_K60_balance_DAC\project\(DMA PDB ADC)LPLD_DmaPdbADCx4\iar\FLASH\Obj: [1]
    HW_ADC.o                       1 224               136        8
    HW_CAN.o                         482                        384
    HW_DAC.o                         244                         24
    HW_DMA.o                         360                         64
    HW_ENET.o                        128                         16
    HW_FTM.o                       2 328               136       12
    HW_GPIO.o                        596               136       20
    HW_I2C.o                         204                          8
    HW_LPTMR.o                        32                          4
    HW_MCG.o                         420       76       92       16
    HW_PDB.o                         128                          8
    HW_PIT.o                         376               136       16
    HW_RTC.o                          96                         12
    HW_SPI.o                         536                         72
    HW_TSI.o                         112                          8
    HW_UART.o                      1 292                         48
    LPLD_DmaPdbADCx4.o               264                20       75
    MPU6050.o                         98
    OLED.o                           796               552
    angle_dmp.o                      696                12       28
    assert.o                          20                48
    iic.o                          1 176                          1
    init.o                           900                         80
    interrupt.o                      184
    inv_mpu.o                      3 972               128       44
    inv_mpu_dmp_motion_driver.o    1 984             3 118       16
    io.o                              20
    kalman.o                         672                33       84
    printf.o                       1 274
    relocate.o                       160
    run_fun.o                        228                 4       12
    startup_K60.o                  1 044
    stdlib.o                         124
    system_MK60DZ10.o                424               420        4
    ---------------------------------------------------------------
    Total:                        22 594       76    4 971    1 064

command line: [2]
    ---------------------------------------------------------------
    Total:

dl7M_tln.a: [3]
    exit.o                             4
    low_level_init.o                   4
    ---------------------------------------------------------------
    Total:                             8

m7M_tl.a: [4]
    FltAdd.o                         132
    FltDiv.o                         252
    FltMul.o                         216
    FltSub.o                         230
    FltToS32.o                        68
    I32ToFlt.o                        50
    ---------------------------------------------------------------
    Total:                           948

rt7M_tl.a: [5]
    ABImemclr4.o                       6
    ABImemcpy_unaligned.o             86
    ABImemset48.o                     50
    cexit.o                           10
    cmain.o                           26
    cstartup_M.o                      12
    data_init.o                       40
    zero_init3.o                      34
    ---------------------------------------------------------------
    Total:                           264

shb_l.a: [6]
    exit.o                            20
    ---------------------------------------------------------------
    Total:                            20

    Gaps                              15
    Linker created                     8                16    4 096
-------------------------------------------------------------------
    Grand Total:                  23 857       76    4 987    5 160


*******************************************************************************
*** ENTRY LIST
***

Entry                      Address   Size  Type      Object
-----                      -------   ----  ----      ------
.bss$$Base              0x1fff04d4          --   Gb  - Linker created -
.bss$$Limit             0x1fff0884          --   Gb  - Linker created -
.data$$Base             0x1fff0410          --   Gb  - Linker created -
.data$$Limit            0x1fff0488          --   Gb  - Linker created -
.data_init$$Base        0x00006c08          --   Gb  - Linker created -
.data_init$$Limit       0x00006c80          --   Gb  - Linker created -
?main                   0x00007005         Code  Gb  cmain.o [5]
ACCE_X                  0x1fff087e    0x2  Data  Gb  LPLD_DmaPdbADCx4.o [1]
ADC0_IRQHandler         0x00004c69    0xa  Code  Gb  HW_ADC.o [1]
ADC1_IRQHandler         0x00004c73    0xa  Code  Gb  HW_ADC.o [1]
ADC_ISR                 0x1fff04e4    0x8  Data  Gb  HW_ADC.o [1]
ANGLE_BIAS              0x1fff0478    0x4  Data  Gb  LPLD_DmaPdbADCx4.o [1]
ANGLE_BIAS10            0x1fff047c    0x4  Data  Gb  LPLD_DmaPdbADCx4.o [1]
ASSERT_FAILED_STR       0x00006e6c   0x30  Data  Gb  assert.o [1]
AngleControl            0x0000658d   0xb8  Code  Gb  run_fun.o [1]
Blance_Kd               0x1fff0874    0x4  Data  Gb  run_fun.o [1]
Blance_Kp               0x1fff0480    0x4  Data  Gb  run_fun.o [1]
CAN0_BUS_OFF_IRQHandler
                        0x00005e3b    0x8  Code  Gb  HW_CAN.o [1]
CAN0_ERR_IRQHandler     0x00005e43    0xe  Code  Gb  HW_CAN.o [1]
CAN0_IMEU_IRQHandler    0x00005e67    0x2  Code  Gb  HW_CAN.o [1]
CAN0_ISR                0x1fff05ec   0x40  Data  Gb  HW_CAN.o [1]
CAN0_LR_IRQHandler      0x00005e69    0x2  Code  Gb  HW_CAN.o [1]
CAN0_MESS_IRQHandler    0x00005e33    0x8  Code  Gb  HW_CAN.o [1]
CAN0_RW_IRQHandler      0x00005e5b    0xa  Code  Gb  HW_CAN.o [1]
CAN0_TW_IRQHandler      0x00005e51    0xa  Code  Gb  HW_CAN.o [1]
CAN0_WAKE_UP_IRQHandler
                        0x00005e65    0x2  Code  Gb  HW_CAN.o [1]
CAN1_BUS_OFF_IRQHandler
                        0x00005e73    0x8  Code  Gb  HW_CAN.o [1]
CAN1_ERR_IRQHandler     0x00005e7b    0xe  Code  Gb  HW_CAN.o [1]
CAN1_IMEU_IRQHandler    0x00005ebf    0x2  Code  Gb  HW_CAN.o [1]
CAN1_ISR                0x1fff062c   0x40  Data  Gb  HW_CAN.o [1]
CAN1_LR_IRQHandler      0x00005ec1    0x2  Code  Gb  HW_CAN.o [1]
CAN1_MESS_IRQHandler    0x00005e6b    0x8  Code  Gb  HW_CAN.o [1]
CAN1_RW_IRQHandler      0x00005e93    0xa  Code  Gb  HW_CAN.o [1]
CAN1_TW_IRQHandler      0x00005e89    0xa  Code  Gb  HW_CAN.o [1]
CAN1_WAKE_UP_IRQHandler
                        0x00005ebd    0x2  Code  Gb  HW_CAN.o [1]
CSTACK$$Base            0x1fff0888          --   Gb  - Linker created -
CSTACK$$Limit           0x1fff1888          --   Gb  - Linker created -
C_0                     0x000040b6    0x1  Data  Gb  kalman.o [1]
CodeRelocate$$Base      0x00006d50          --   Gb  - Linker created -
CodeRelocate$$Limit     0x00006d9c          --   Gb  - Linker created -
CodeRelocateRam$$Base   0x1fff0488          --   Gb  - Linker created -
CodeRelocateRam$$Limit  0x1fff04d4          --   Gb  - Linker created -
DAC0_IRQHandler         0x00006671   0x6a  Code  Gb  HW_DAC.o [1]
DAC1_IRQHandler         0x000066db   0x6a  Code  Gb  HW_DAC.o [1]
DAC_RDPTBOT_ISR         0x1fff066c    0x8  Data  Gb  HW_DAC.o [1]
DAC_RDPTTOP_ISR         0x1fff0674    0x8  Data  Gb  HW_DAC.o [1]
DAC_WATERMK_ISR         0x1fff067c    0x8  Data  Gb  HW_DAC.o [1]
DMA0_IRQHandler         0x000062b9   0x16  Code  Gb  HW_DMA.o [1]
DMA10_IRQHandler        0x00006395   0x16  Code  Gb  HW_DMA.o [1]
DMA11_IRQHandler        0x000063ab   0x16  Code  Gb  HW_DMA.o [1]
DMA12_IRQHandler        0x000063c1   0x16  Code  Gb  HW_DMA.o [1]
DMA13_IRQHandler        0x000063d7   0x16  Code  Gb  HW_DMA.o [1]
DMA14_IRQHandler        0x000063ed   0x16  Code  Gb  HW_DMA.o [1]
DMA15_IRQHandler        0x00006403   0x16  Code  Gb  HW_DMA.o [1]
DMA1_IRQHandler         0x000062cf   0x16  Code  Gb  HW_DMA.o [1]
DMA2_IRQHandler         0x000062e5   0x16  Code  Gb  HW_DMA.o [1]
DMA3_IRQHandler         0x000062fb   0x16  Code  Gb  HW_DMA.o [1]
DMA4_IRQHandler         0x00006311   0x16  Code  Gb  HW_DMA.o [1]
DMA5_IRQHandler         0x00006327   0x16  Code  Gb  HW_DMA.o [1]
DMA6_IRQHandler         0x0000633d   0x16  Code  Gb  HW_DMA.o [1]
DMA7_IRQHandler         0x00006353   0x16  Code  Gb  HW_DMA.o [1]
DMA8_IRQHandler         0x00006369   0x16  Code  Gb  HW_DMA.o [1]
DMA9_IRQHandler         0x0000637f   0x16  Code  Gb  HW_DMA.o [1]
DMA_ISR                 0x1fff0684   0x40  Data  Gb  HW_DMA.o [1]
DefaultISR              0x00005ff5   0x14  Code  Gb  system_MK60DZ10.o [1]
DelayMs                 0x000013c5   0x20  Code  Gb  iic.o [1]
DelayUs                 0x000013a9   0x1c  Code  Gb  iic.o [1]
Delta                   0x1fff0878    0x4  Data  Gb  run_fun.o [1]
E                       0x1fff0824    0x4  Data  Gb  kalman.o [1]
ENET_ISR                0x1fff06c4   0x10  Data  Gb  HW_ENET.o [1]
Eth_Err_Misc_IRQHandler
                        0x00006b6b   0x16  Code  Gb  HW_ENET.o [1]
Eth_IEEE1588_IRQHandler
                        0x00006b55   0x16  Code  Gb  HW_ENET.o [1]
Eth_RX_IRQHandler       0x00006b09   0x26  Code  Gb  HW_ENET.o [1]
Eth_TX_IRQHandler       0x00006b2f   0x26  Code  Gb  HW_ENET.o [1]
F6x8                    0x000058a0  0x228  Data  Gb  OLED.o [1]
FTM0_IRQHandler         0x0000382d    0xa  Code  Gb  HW_FTM.o [1]
FTM1_IRQHandler         0x00003837    0xa  Code  Gb  HW_FTM.o [1]
FTM2_IRQHandler         0x00003841    0xa  Code  Gb  HW_FTM.o [1]
FTM_ISR                 0x1fff06d4    0xc  Data  Gb  HW_FTM.o [1]
GPIO                    0x00001a2f   0x42  Code  Gb  HW_GPIO.o [1]
GPIO_ISR                0x1fff06e0   0x14  Data  Gb  HW_GPIO.o [1]
Get_GA                  0x00005495   0x34  Code  Gb  kalman.o [1]
HardFault_Handler       0x00005feb    0xa  Code  Gb  system_MK60DZ10.o [1]
I2C0_IRQHandler         0x00006765   0x5a  Code  Gb  HW_I2C.o [1]
I2C1_IRQHandler         0x000067bf   0x5a  Code  Gb  HW_I2C.o [1]
I2C_ISR                 0x1fff06f4    0x8  Data  Gb  HW_I2C.o [1]
IIC_Init                0x000013e5   0x70  Code  Gb  iic.o [1]
IIC_ReadByte            0x000016c1   0x8c  Code  Gb  iic.o [1]
IIC_SendACK             0x00001547   0x88  Code  Gb  iic.o [1]
IIC_SendByte            0x000015cf   0xf2  Code  Gb  iic.o [1]
IIC_Start               0x00001455   0x82  Code  Gb  iic.o [1]
IIC_Stop                0x000014d7   0x70  Code  Gb  iic.o [1]
K_0                     0x1fff0828    0x4  Data  Gb  kalman.o [1]
K_1                     0x1fff082c    0x4  Data  Gb  kalman.o [1]
Kalman_update           0x000054c9  0x20a  Code  Gb  kalman.o [1]
LCD_CLS                 0x0000219b   0x38  Code  Gb  OLED.o [1]
LCD_DLY_ms              0x000021d3   0x1a  Code  Gb  OLED.o [1]
LCD_Fill                0x0000215f   0x3c  Code  Gb  OLED.o [1]
LCD_P6x8Str             0x00002325   0x7a  Code  Gb  OLED.o [1]
LCD_Set_Pos             0x00002133   0x2c  Code  Gb  OLED.o [1]
LCD_WrCmd               0x000020e9   0x4a  Code  Gb  OLED.o [1]
LCD_WrDat               0x00002099   0x4e  Code  Gb  OLED.o [1]
LE                      0x1fff085c    0x4  Data  Gb  LPLD_DmaPdbADCx4.o [1]
LPLD_ADC_Cal            0x00004bc9   0xa0  Code  Lc  HW_ADC.o [1]
LPLD_ADC_Chn_Enable     0x000049f3  0x1d6  Code  Gb  HW_ADC.o [1]
LPLD_ADC_DisableIrq     0x000049c7   0x2c  Code  Gb  HW_ADC.o [1]
LPLD_ADC_Get            0x0000499f   0x28  Code  Gb  HW_ADC.o [1]
LPLD_ADC_Init           0x000047f5  0x1aa  Code  Gb  HW_ADC.o [1]
LPLD_CAN_Interrupt_ClearPending
                        0x00005ce1   0x24  Code  Lc  HW_CAN.o [1]
LPLD_CAN_Interrupt_GetFlag
                        0x00005d05   0x1e  Code  Lc  HW_CAN.o [1]
LPLD_CAN_MB_ISR         0x00005dd9   0x5a  Code  Lc  HW_CAN.o [1]
LPLD_CAN_Receive_Interrupt
                        0x00005d7d   0x5c  Code  Lc  HW_CAN.o [1]
LPLD_CAN_Transmit_Interrupt
                        0x00005d23   0x5a  Code  Gb  HW_CAN.o [1]
LPLD_FTM_DEC_Init       0x00003825    0x8  Code  Lc  HW_FTM.o [1]
LPLD_FTM_IC_Init        0x0000328f   0x96  Code  Lc  HW_FTM.o [1]
LPLD_FTM_Init           0x00002fad  0x120  Code  Gb  HW_FTM.o [1]
LPLD_FTM_PWM_Enable     0x000030cd   0x6a  Code  Gb  HW_FTM.o [1]
LPLD_FTM_PWM_Init       0x00003169  0x126  Code  Lc  HW_FTM.o [1]
LPLD_FTM_PinInit        0x00003325  0x4a4  Code  Lc  HW_FTM.o [1]
LPLD_FTM_QD_Enable      0x00003137   0x32  Code  Gb  HW_FTM.o [1]
LPLD_FTM_QD_Init        0x000037e9   0x3c  Code  Lc  HW_FTM.o [1]
LPLD_GPIO_EnableIrq     0x00001a71   0x4e  Code  Gb  HW_GPIO.o [1]
LPLD_GPIO_Init          0x0000194b   0xe4  Code  Gb  HW_GPIO.o [1]
LPLD_GPIO_Input_b       0x00001ad7    0xa  Code  Gb  HW_GPIO.o [1]
LPLD_GPIO_Output_b      0x00001abf   0x18  Code  Gb  HW_GPIO.o [1]
LPLD_PIT_EnableIrq      0x000050f9   0x26  Code  Gb  HW_PIT.o [1]
LPLD_PIT_Init           0x00005047   0xb2  Code  Gb  HW_PIT.o [1]
LPLD_PLL_Setup          0x00006115  0x1a4  Code  Gb  HW_MCG.o [1]
LPLD_Set_SYS_DIV        0x1fff0489   0x4c  Code  Gb  HW_MCG.o [1]
LPLD_UART_Init          0x000042d1  0x318  Code  Gb  HW_UART.o [1]
LPLD_UART_PutChar       0x000045e9    0xa  Code  Gb  HW_UART.o [1]
LPTMR_ISR               0x1fff06fc    0x4  Data  Gb  HW_LPTMR.o [1]
LPT_IRQHandler          0x00006fe5   0x16  Code  Gb  HW_LPTMR.o [1]
MPU6050_Inital          0x0000654f   0x3c  Code  Gb  MPU6050.o [1]
MPU6050_WriteByte       0x00006529   0x26  Code  Gb  MPU6050.o [1]
NVIC_DisableIRQ         0x000047dd   0x18  Code  Lc  HW_ADC.o [1]
NVIC_EnableIRQ          0x00001935   0x16  Code  Lc  HW_GPIO.o [1]
NVIC_EnableIRQ          0x00005031   0x16  Code  Lc  HW_PIT.o [1]
OLED_Init               0x000021ed  0x138  Code  Gb  OLED.o [1]
P                       0x1fff0468   0x10  Data  Gb  kalman.o [1]
PCt_0                   0x1fff081c    0x4  Data  Gb  kalman.o [1]
PCt_1                   0x1fff0820    0x4  Data  Gb  kalman.o [1]
PDB_IRQHandler          0x00006b89   0x6a  Code  Gb  HW_PDB.o [1]
PDB_ISR                 0x1fff0700    0x4  Data  Gb  HW_PDB.o [1]
PDB_SE_ISR              0x1fff0704    0x4  Data  Gb  HW_PDB.o [1]
PIT0_IRQHandler         0x0000511f   0x16  Code  Gb  HW_PIT.o [1]
PIT1_IRQHandler         0x00005135   0x16  Code  Gb  HW_PIT.o [1]
PIT2_IRQHandler         0x0000514b   0x16  Code  Gb  HW_PIT.o [1]
PIT3_IRQHandler         0x00005161   0x16  Code  Gb  HW_PIT.o [1]
PIT_ISR                 0x1fff0708   0x10  Data  Gb  HW_PIT.o [1]
PORTA_IRQHandler        0x00001ae1   0x12  Code  Gb  HW_GPIO.o [1]
PORTB_IRQHandler        0x00001af3   0x12  Code  Gb  HW_GPIO.o [1]
PORTC_IRQHandler        0x00001b05   0x12  Code  Gb  HW_GPIO.o [1]
PORTD_IRQHandler        0x00001b17   0x12  Code  Gb  HW_GPIO.o [1]
PORTE_IRQHandler        0x00001b29   0x12  Code  Gb  HW_GPIO.o [1]
Pdot                    0x1fff0804   0x10  Data  Gb  kalman.o [1]
Q_angle                 0x1fff0458    0x4  Data  Gb  kalman.o [1]
Q_gyro                  0x1fff045c    0x4  Data  Gb  kalman.o [1]
RTC_IRQHandler          0x00006cf1   0x56  Code  Gb  HW_RTC.o [1]
RTC_ISR                 0x1fff0718    0xc  Data  Gb  HW_RTC.o [1]
R_angle                 0x1fff0460    0x4  Data  Gb  kalman.o [1]
Region$$Table$$Base     0x00006f94          --   Gb  - Linker created -
Region$$Table$$Limit    0x00006fa4          --   Gb  - Linker created -
SPI0_IRQHandler         0x00005ac9   0xaa  Code  Gb  HW_SPI.o [1]
SPI0_ISR                0x1fff0724   0x18  Data  Gb  HW_SPI.o [1]
SPI1_IRQHandler         0x00005b73   0xaa  Code  Gb  HW_SPI.o [1]
SPI1_ISR                0x1fff073c   0x18  Data  Gb  HW_SPI.o [1]
SPI2_IRQHandler         0x00005c1d   0xaa  Code  Gb  HW_SPI.o [1]
SPI2_ISR                0x1fff0754   0x18  Data  Gb  HW_SPI.o [1]
SystemCoreClock         0x1fff0484    0x4  Data  Gb  system_MK60DZ10.o [1]
SystemCoreClockUpdate   0x00005fc5   0x26  Code  Gb  system_MK60DZ10.o [1]
SystemInit              0x00005ec5  0x100  Code  Gb  system_MK60DZ10.o [1]
T                       0x1fff0838    0x4  Data  Gb  LPLD_DmaPdbADCx4.o [1]
TSI_IRQHandler          0x00006c81   0x5c  Code  Gb  HW_TSI.o [1]
TSI_ISR                 0x1fff076c    0x8  Data  Gb  HW_TSI.o [1]
UART0_IRQHandler        0x000045f3   0x30  Code  Gb  HW_UART.o [1]
UART1_IRQHandler        0x00004623   0x30  Code  Gb  HW_UART.o [1]
UART2_IRQHandler        0x00004653   0x30  Code  Gb  HW_UART.o [1]
UART3_IRQHandler        0x00004683   0x30  Code  Gb  HW_UART.o [1]
UART4_IRQHandler        0x000046b3   0x30  Code  Gb  HW_UART.o [1]
UART5_IRQHandler        0x000046e3   0x30  Code  Gb  HW_UART.o [1]
UART_R_ISR              0x1fff0774   0x18  Data  Gb  HW_UART.o [1]
UART_T_ISR              0x1fff078c   0x18  Data  Gb  HW_UART.o [1]
US                      0x1fff083c    0x4  Data  Gb  LPLD_DmaPdbADCx4.o [1]
US_display              0x1fff0840    0x4  Data  Gb  LPLD_DmaPdbADCx4.o [1]
__BOOT_STACK_ADDRESS {Abs}
                        0x2000fff8          --   Gb  command line/config [2]
__VECTOR_RAM {Abs}      0x1fff0000          --   Gb  command line/config [2]
__VECTOR_TABLE {Abs}    0x00000000          --   Gb  command line/config [2]
__Vectors               0x00000000          --   Gb  startup_K60.o [1]
__Vectors_End           0x00000400         Data  Gb  startup_K60.o [1]
__Vectors_Size {Abs}    0x00000400          --   Gb  startup_K60.o [1]
__aeabi_f2iz            0x0000428d         Code  Gb  FltToS32.o [4]
__aeabi_fadd            0x0000581d         Code  Gb  FltAdd.o [4]
__aeabi_fdiv            0x000040b9         Code  Gb  FltDiv.o [4]
__aeabi_fmul            0x000041b5         Code  Gb  FltMul.o [4]
__aeabi_fsub            0x00005735         Code  Gb  FltSub.o [4]
__aeabi_i2f             0x00004085         Code  Gb  I32ToFlt.o [4]
__aeabi_memclr4         0x00005029         Code  Gb  ABImemclr4.o [5]
__aeabi_ui2f            0x00004099         Code  Gb  I32ToFlt.o [4]
__cmain                 0x00007005         Code  Gb  cmain.o [5]
__exit                  0x00007035   0x14  Code  Gb  exit.o [6]
__iar_Memset4_word      0x000051a9         Code  Gb  ABImemset48.o [5]
__iar_Memset8_word      0x000051a9         Code  Gb  ABImemset48.o [5]
__iar_data_init3        0x00006f25   0x28  Code  Gb  data_init.o [5]
__iar_fadd              0x0000582d         Code  Gb  FltAdd.o [4]
__iar_fsub              0x00005745         Code  Gb  FltSub.o [4]
__iar_fsubStart         0x00005755         Code  Gb  FltSub.o [4]
__iar_program_start     0x00007099         Code  Gb  cstartup_M.o [5]
__iar_ui2f              0x0000409d         Code  Gb  I32ToFlt.o [4]
__iar_unaligned___aeabi_memcpy4
                        0x000018bd         Code  Gb  ABImemcpy_unaligned.o [5]
__iar_unaligned___aeabi_memcpy8
                        0x000018bd         Code  Gb  ABImemcpy_unaligned.o [5]
__iar_zero_init3        0x00001913   0x22  Code  Gb  zero_init3.o [5]
__low_level_init        0x0000701f    0x4  Code  Gb  low_level_init.o [3]
__vector_table          0x00000000         Data  Gb  startup_K60.o [1]
__vector_table_0x1c     0x0000001c         Data  Gb  startup_K60.o [1]
_call_main              0x00007011         Code  Gb  cmain.o [5]
_exit                   0x00007029         Code  Gb  cexit.o [5]
_main                   0x0000701b         Code  Gb  cmain.o [5]
ack                     0x1fff0882    0x1  Data  Gb  iic.o [1]
adc_init                0x00004ca5   0x74  Code  Gb  init.o [1]
adc_init_struct         0x1fff07cc   0x14  Data  Gb  init.o [1]
adcdac_convert          0x1fff0870    0x4  Data  Gb  LPLD_DmaPdbADCx4.o [1]
android_orient_cb       0x000053d3    0xc  Code  Lc  angle_dmp.o [1]
angle_err               0x1fff0818    0x4  Data  Gb  kalman.o [1]
angle_phy               0x1fff0850    0x4  Data  Gb  LPLD_DmaPdbADCx4.o [1]
assert_failed           0x00001b89   0x14  Code  Gb  assert.o [1]
ch2                     0x1fff0880    0x2  Data  Gb  LPLD_DmaPdbADCx4.o [1]
common_relocate         0x0000606d   0xa0  Code  Gb  relocate.o [1]
d_Pitch                 0x1fff0860    0x4  Data  Gb  LPLD_DmaPdbADCx4.o [1]
dangle_phy              0x1fff0854    0x4  Data  Gb  LPLD_DmaPdbADCx4.o [1]
dmp                     0x1fff07f4   0x10  Data  Lc  inv_mpu_dmp_motion_driver.o [1]
dmp_enable_6x_lp_quat   0x00003ff7   0x3e  Code  Gb  inv_mpu_dmp_motion_driver.o [1]
dmp_enable_feature      0x00003d45  0x230  Code  Gb  inv_mpu_dmp_motion_driver.o [1]
dmp_enable_gyro_cal     0x00003f75   0x44  Code  Gb  inv_mpu_dmp_motion_driver.o [1]
dmp_enable_lp_quat      0x00003fb9   0x3e  Code  Gb  inv_mpu_dmp_motion_driver.o [1]
dmp_load_motion_driver_firmware
                        0x000038c5   0x18  Code  Gb  inv_mpu_dmp_motion_driver.o [1]
dmp_memory              0x000023b4  0xbf8  Data  Lc  inv_mpu_dmp_motion_driver.o [1]
dmp_register_android_orient_cb
                        0x0000403d    0x8  Code  Gb  inv_mpu_dmp_motion_driver.o [1]
dmp_register_tap_cb     0x00004035    0x8  Code  Gb  inv_mpu_dmp_motion_driver.o [1]
dmp_set_fifo_rate       0x00003a2b   0x6e  Code  Gb  inv_mpu_dmp_motion_driver.o [1]
dmp_set_orientation     0x000038dd  0x14e  Code  Gb  inv_mpu_dmp_motion_driver.o [1]
dmp_set_shake_reject_thresh
                        0x00003ccb   0x32  Code  Gb  inv_mpu_dmp_motion_driver.o [1]
dmp_set_shake_reject_time
                        0x00003cfd   0x24  Code  Gb  inv_mpu_dmp_motion_driver.o [1]
dmp_set_shake_reject_timeout
                        0x00003d21   0x24  Code  Gb  inv_mpu_dmp_motion_driver.o [1]
dmp_set_tap_axes        0x00003c15   0x46  Code  Gb  inv_mpu_dmp_motion_driver.o [1]
dmp_set_tap_count       0x00003c5b   0x28  Code  Gb  inv_mpu_dmp_motion_driver.o [1]
dmp_set_tap_thresh      0x00003a99  0x17c  Code  Gb  inv_mpu_dmp_motion_driver.o [1]
dmp_set_tap_time        0x00003c83   0x24  Code  Gb  inv_mpu_dmp_motion_driver.o [1]
dmp_set_tap_time_multi  0x00003ca7   0x24  Code  Gb  inv_mpu_dmp_motion_driver.o [1]
dt                      0x1fff0464    0x4  Data  Gb  kalman.o [1]
exit                    0x00007023    0x4  Code  Gb  exit.o [3]
flexcan_msgobj_param_t  0x1fff04ec  0x100  Data  Gb  HW_CAN.o [1]
g_bus_clock             0x1fff0420    0x4  Data  Gb  HW_MCG.o [1]
g_core_clock            0x1fff041c    0x4  Data  Gb  HW_MCG.o [1]
g_fAngleControlOut      0x1fff0858    0x4  Data  Gb  LPLD_DmaPdbADCx4.o [1]
g_fCarAngle             0x1fff0848    0x4  Data  Gb  LPLD_DmaPdbADCx4.o [1]
g_fCarAngle_d           0x1fff084c    0x4  Data  Gb  LPLD_DmaPdbADCx4.o [1]
g_flash_clock           0x1fff0424    0x4  Data  Gb  HW_MCG.o [1]
g_flexbus_clock         0x1fff0428    0x4  Data  Gb  HW_MCG.o [1]
get_mcu_ad              0x00006421   0x10  Code  Gb  LPLD_DmaPdbADCx4.o [1]
gpio_init_struct        0x1fff07a4   0x14  Data  Gb  init.o [1]
gyro_Y                  0x1fff087c    0x2  Data  Gb  LPLD_DmaPdbADCx4.o [1]
gyro_data_ready_cb      0x000053df    0x8  Code  Lc  angle_dmp.o [1]
gyro_orientation        0x1fff0410    0xc  Data  Lc  angle_dmp.o [1]
hal                     0x1fff04d4   0x10  Data  Lc  angle_dmp.o [1]
hw                      0x0000705c    0xc  Data  Gb  inv_mpu.o [1]
i2cRead                 0x000017ad   0x84  Code  Gb  iic.o [1]
i2cWriteBuffer          0x0000174d   0x60  Code  Gb  iic.o [1]
init_gpio               0x00004d19  0x19a  Code  Gb  init.o [1]
inv_orientation_matrix_to_scalar
                        0x00005399   0x26  Code  Lc  angle_dmp.o [1]
inv_row_2_scale         0x0000534b   0x4e  Code  Lc  angle_dmp.o [1]
k1_obs                  0x1fff0868    0x4  Data  Gb  LPLD_DmaPdbADCx4.o [1]
k2_obs                  0x1fff086c    0x4  Data  Gb  LPLD_DmaPdbADCx4.o [1]
last_turn_time          0x1fff0844    0x4  Data  Gb  LPLD_DmaPdbADCx4.o [1]
main                    0x00006431   0xc8  Code  Gb  LPLD_DmaPdbADCx4.o [1]
memcmp                  0x00000425   0x20  Code  Gb  inv_mpu.o [1]
memcpy                  0x0000185d   0x42  Code  Gb  stdlib.o [1]
memset                  0x0000189f   0x1e  Code  Gb  stdlib.o [1]
mpu_configure_fifo      0x00000d59   0x8e  Code  Gb  inv_mpu.o [1]
mpu_get_accel_fsr       0x00000b17   0x46  Code  Gb  inv_mpu.o [1]
mpu_get_gyro_fsr        0x00000a41   0x3c  Code  Gb  inv_mpu.o [1]
mpu_get_sample_rate     0x00000c87   0x1e  Code  Gb  inv_mpu.o [1]
mpu_init                0x000004fd  0x21a  Code  Gb  inv_mpu.o [1]
mpu_load_firmware       0x00001225   0xe8  Code  Gb  inv_mpu.o [1]
mpu_lp_accel_mode       0x00000717   0xfe  Code  Gb  inv_mpu.o [1]
mpu_read_mem            0x00001193   0x92  Code  Gb  inv_mpu.o [1]
mpu_reset_fifo          0x00000815  0x22c  Code  Gb  inv_mpu.o [1]
mpu_set_accel_fsr       0x00000b5d   0x94  Code  Gb  inv_mpu.o [1]
mpu_set_bypass          0x00000edd  0x196  Code  Gb  inv_mpu.o [1]
mpu_set_dmp_state       0x00001311   0x94  Code  Gb  inv_mpu.o [1]
mpu_set_gyro_fsr        0x00000a7d   0x9a  Code  Gb  inv_mpu.o [1]
mpu_set_int_latched     0x00001073   0x88  Code  Gb  inv_mpu.o [1]
mpu_set_lpf             0x00000bf1   0x96  Code  Gb  inv_mpu.o [1]
mpu_set_sample_rate     0x00000ca5   0xb0  Code  Gb  inv_mpu.o [1]
mpu_set_sensors         0x00000de7   0xee  Code  Gb  inv_mpu.o [1]
mpu_write_mem           0x00001101   0x92  Code  Gb  inv_mpu.o [1]
oledprintf              0x00002059   0x3e  Code  Gb  printf.o [1]
out_char                0x00007049    0xe  Code  Gb  io.o [1]
p_Pitch                 0x1fff0864    0x4  Data  Gb  LPLD_DmaPdbADCx4.o [1]
pit2_init               0x00004eb3   0x3a  Code  Gb  init.o [1]
pit2_init_struct        0x1fff07b8   0x14  Data  Gb  init.o [1]
pit2_isr                0x000068c5    0xc  Code  Gb  interrupt.o [1]
portc_isr               0x00006831   0x94  Code  Gb  interrupt.o [1]
printf                  0x00002035   0x1e  Code  Gb  printf.o [1]
printk                  0x00001c75  0x3c0  Code  Gb  printf.o [1]
printk_mknumstr         0x00001bc9   0x70  Code  Lc  printf.o [1]
printk_pad_space        0x00001c57   0x1e  Code  Lc  printf.o [1]
printk_pad_zero         0x00001c39   0x1e  Code  Lc  printf.o [1]
printk_putc             0x00001b9d   0x2c  Code  Lc  printf.o [1]
pwm_init                0x00004f85   0x6a  Code  Gb  init.o [1]
q_bias                  0x1fff0814    0x4  Data  Gb  kalman.o [1]
qd1_init                0x00004f1d   0x34  Code  Gb  init.o [1]
qd2_init                0x00004f51   0x34  Code  Gb  init.o [1]
reg                     0x00006fa4   0x20  Data  Gb  inv_mpu.o [1]
sStartAddress           0x00002096    0x2  Data  Lc  inv_mpu_dmp_motion_driver.o [1]
send_packet             0x000051dd  0x16e  Code  Gb  angle_dmp.o [1]
set_dmp                 0x000053e7   0x98  Code  Gb  angle_dmp.o [1]
set_int_enable          0x00000445   0xb8  Code  Lc  inv_mpu.o [1]
st                      0x1fff042c   0x2c  Data  Lc  inv_mpu.o [1]
status_knob             0x1fff0883    0x1  Data  Gb  LPLD_DmaPdbADCx4.o [1]
strlen                  0x00001841   0x1c  Code  Gb  stdlib.o [1]
t_0                     0x1fff0830    0x4  Data  Gb  kalman.o [1]
t_1                     0x1fff0834    0x4  Data  Gb  kalman.o [1]
tap_cb                  0x000053bf   0x14  Code  Lc  angle_dmp.o [1]
test                    0x00006efc   0x28  Data  Gb  inv_mpu.o [1]
uart0_init_struct       0x1fff07e0   0x14  Data  Gb  init.o [1]
uart_init               0x00004eed   0x30  Code  Gb  init.o [1]


[1] = D:\Current Projects\#1 Memristor tuning circuit\memristor based control\mcu code\paper code\0.1ms control period\test code\CBY_K60_balance_DAC\project\(DMA PDB ADC)LPLD_DmaPdbADCx4\iar\FLASH\Obj
[2] = command line
[3] = dl7M_tln.a
[4] = m7M_tl.a
[5] = rt7M_tl.a
[6] = shb_l.a

  23 857 bytes of readonly  code memory
      76 bytes of readwrite code memory
   4 987 bytes of readonly  data memory
   5 160 bytes of readwrite data memory

Errors: none
Warnings: none
