###############################################################################
#                                                                             #
# IAR ANSI C/C++ Compiler V6.70.2.6274/W32 for ARM      03/Nov/2019  15:52:05 #
# Copyright 1999-2013 IAR Systems AB.                                         #
#                                                                             #
#    Cpu mode     =  thumb                                                    #
#    Endian       =  little                                                   #
#    Source file  =  D:\Buyun\Progress\memristor based control\mcu            #
#                    code\paper code\0.1ms control period\test                #
#                    code\CBY_K60_balance_DAC\lib\LPLD\DEV\MPU6050.c          #
#    Command line =  "D:\Buyun\Progress\memristor based control\mcu           #
#                    code\paper code\0.1ms control period\test                #
#                    code\CBY_K60_balance_DAC\lib\LPLD\DEV\MPU6050.c" -D      #
#                    LPLD_K60 -lCN "D:\Buyun\Progress\memristor based         #
#                    control\mcu code\paper code\0.1ms control period\test    #
#                    code\CBY_K60_balance_DAC\project\(DMA PDB                #
#                    ADC)LPLD_DmaPdbADCx4\iar\FLASH\List\" -lB                #
#                    "D:\Buyun\Progress\memristor based control\mcu           #
#                    code\paper code\0.1ms control period\test                #
#                    code\CBY_K60_balance_DAC\project\(DMA PDB                #
#                    ADC)LPLD_DmaPdbADCx4\iar\FLASH\List\" -o                 #
#                    "D:\Buyun\Progress\memristor based control\mcu           #
#                    code\paper code\0.1ms control period\test                #
#                    code\CBY_K60_balance_DAC\project\(DMA PDB                #
#                    ADC)LPLD_DmaPdbADCx4\iar\FLASH\Obj\" --no_cse            #
#                    --no_unroll --no_inline --no_code_motion --no_tbaa       #
#                    --no_clustering --no_scheduling --debug --endian=little  #
#                    --cpu=Cortex-M4 -e --fpu=None --dlib_config "C:\Program  #
#                    Files (x86)\IAR Systems\Embedded Workbench               #
#                    6.5_2\arm\INC\c\DLib_Config_Normal.h" -I                 #
#                    "D:\Buyun\Progress\memristor based control\mcu           #
#                    code\paper code\0.1ms control period\test                #
#                    code\CBY_K60_balance_DAC\project\(DMA PDB                #
#                    ADC)LPLD_DmaPdbADCx4\iar\..\app\" -I                     #
#                    "D:\Buyun\Progress\memristor based control\mcu           #
#                    code\paper code\0.1ms control period\test                #
#                    code\CBY_K60_balance_DAC\project\(DMA PDB                #
#                    ADC)LPLD_DmaPdbADCx4\iar\..\..\..\lib\CPU\" -I           #
#                    "D:\Buyun\Progress\memristor based control\mcu           #
#                    code\paper code\0.1ms control period\test                #
#                    code\CBY_K60_balance_DAC\project\(DMA PDB                #
#                    ADC)LPLD_DmaPdbADCx4\iar\..\..\..\lib\common\" -I        #
#                    "D:\Buyun\Progress\memristor based control\mcu           #
#                    code\paper code\0.1ms control period\test                #
#                    code\CBY_K60_balance_DAC\project\(DMA PDB                #
#                    ADC)LPLD_DmaPdbADCx4\iar\..\..\..\lib\LPLD\" -I          #
#                    "D:\Buyun\Progress\memristor based control\mcu           #
#                    code\paper code\0.1ms control period\test                #
#                    code\CBY_K60_balance_DAC\project\(DMA PDB                #
#                    ADC)LPLD_DmaPdbADCx4\iar\..\..\..\lib\LPLD\HW\" -I       #
#                    "D:\Buyun\Progress\memristor based control\mcu           #
#                    code\paper code\0.1ms control period\test                #
#                    code\CBY_K60_balance_DAC\project\(DMA PDB                #
#                    ADC)LPLD_DmaPdbADCx4\iar\..\..\..\lib\LPLD\DEV\" -I      #
#                    "D:\Buyun\Progress\memristor based control\mcu           #
#                    code\paper code\0.1ms control period\test                #
#                    code\CBY_K60_balance_DAC\project\(DMA PDB                #
#                    ADC)LPLD_DmaPdbADCx4\iar\..\..\..\lib\uCOS-II\Ports\"    #
#                    -I "D:\Buyun\Progress\memristor based control\mcu        #
#                    code\paper code\0.1ms control period\test                #
#                    code\CBY_K60_balance_DAC\project\(DMA PDB                #
#                    ADC)LPLD_DmaPdbADCx4\iar\..\..\..\lib\uCOS-II\Source\"   #
#                    -I "D:\Buyun\Progress\memristor based control\mcu        #
#                    code\paper code\0.1ms control period\test                #
#                    code\CBY_K60_balance_DAC\project\(DMA PDB                #
#                    ADC)LPLD_DmaPdbADCx4\iar\..\..\..\lib\FatFs\" -I         #
#                    "D:\Buyun\Progress\memristor based control\mcu           #
#                    code\paper code\0.1ms control period\test                #
#                    code\CBY_K60_balance_DAC\project\(DMA PDB                #
#                    ADC)LPLD_DmaPdbADCx4\iar\..\..\..\lib\FatFs\option\" -I  #
#                    "D:\Buyun\Progress\memristor based control\mcu           #
#                    code\paper code\0.1ms control period\test                #
#                    code\CBY_K60_balance_DAC\project\(DMA PDB                #
#                    ADC)LPLD_DmaPdbADCx4\iar\..\..\..\lib\USB\common\" -I    #
#                    "D:\Buyun\Progress\memristor based control\mcu           #
#                    code\paper code\0.1ms control period\test                #
#                    code\CBY_K60_balance_DAC\project\(DMA PDB                #
#                    ADC)LPLD_DmaPdbADCx4\iar\..\..\..\lib\USB\driver\" -I    #
#                    "D:\Buyun\Progress\memristor based control\mcu           #
#                    code\paper code\0.1ms control period\test                #
#                    code\CBY_K60_balance_DAC\project\(DMA PDB                #
#                    ADC)LPLD_DmaPdbADCx4\iar\..\..\..\lib\USB\descriptor\"   #
#                    -I "D:\Buyun\Progress\memristor based control\mcu        #
#                    code\paper code\0.1ms control period\test                #
#                    code\CBY_K60_balance_DAC\project\(DMA PDB                #
#                    ADC)LPLD_DmaPdbADCx4\iar\..\..\..\lib\USB\class\" -Ol    #
#                    -I "C:\Program Files (x86)\IAR Systems\Embedded          #
#                    Workbench 6.5_2\arm\CMSIS\Include\" -D ARM_MATH_CM4      #
#    List file    =  D:\Buyun\Progress\memristor based control\mcu            #
#                    code\paper code\0.1ms control period\test                #
#                    code\CBY_K60_balance_DAC\project\(DMA PDB                #
#                    ADC)LPLD_DmaPdbADCx4\iar\FLASH\List\MPU6050.lst          #
#    Object file  =  D:\Buyun\Progress\memristor based control\mcu            #
#                    code\paper code\0.1ms control period\test                #
#                    code\CBY_K60_balance_DAC\project\(DMA PDB                #
#                    ADC)LPLD_DmaPdbADCx4\iar\FLASH\Obj\MPU6050.o             #
#                                                                             #
#                                                                             #
###############################################################################

D:\Buyun\Progress\memristor based control\mcu code\paper code\0.1ms control period\test code\CBY_K60_balance_DAC\lib\LPLD\DEV\MPU6050.c
      1          #include "MPU6050.h"
      2          

   \                                 In section .text, align 2, keep-with-next
      3          unsigned char MPU6050_ReadByte(unsigned char address)
      4          {
   \                     MPU6050_ReadByte: (+1)
   \   00000000   0xB538             PUSH     {R3-R5,LR}
   \   00000002   0x0004             MOVS     R4,R0
      5            unsigned char ret = 100;
   \   00000004   0x2564             MOVS     R5,#+100
      6            IIC_Start();		
   \   00000006   0x.... 0x....      BL       IIC_Start
      7            IIC_SendByte(0xd0);	
   \   0000000A   0x20D0             MOVS     R0,#+208
   \   0000000C   0x.... 0x....      BL       IIC_SendByte
      8            IIC_SendByte(address);
   \   00000010   0x0020             MOVS     R0,R4
   \   00000012   0xB2C0             UXTB     R0,R0            ;; ZeroExt  R0,R0,#+24,#+24
   \   00000014   0x.... 0x....      BL       IIC_SendByte
      9            IIC_Start();	
   \   00000018   0x.... 0x....      BL       IIC_Start
     10            IIC_SendByte(0xd1);
   \   0000001C   0x20D1             MOVS     R0,#+209
   \   0000001E   0x.... 0x....      BL       IIC_SendByte
     11            ret = IIC_ReadByte();
   \   00000022   0x.... 0x....      BL       IIC_ReadByte
   \   00000026   0x0005             MOVS     R5,R0
     12            IIC_Stop();
   \   00000028   0x.... 0x....      BL       IIC_Stop
     13            return ret;
   \   0000002C   0x0028             MOVS     R0,R5
   \   0000002E   0xB2C0             UXTB     R0,R0            ;; ZeroExt  R0,R0,#+24,#+24
   \   00000030   0xBD32             POP      {R1,R4,R5,PC}    ;; return
     14          }
     15          

   \                                 In section .text, align 2, keep-with-next
     16          void MPU6050_WriteByte(unsigned char address,unsigned char thedata)
     17          {
   \                     MPU6050_WriteByte: (+1)
   \   00000000   0xB538             PUSH     {R3-R5,LR}
   \   00000002   0x0004             MOVS     R4,R0
   \   00000004   0x000D             MOVS     R5,R1
     18            IIC_Start();
   \   00000006   0x.... 0x....      BL       IIC_Start
     19            IIC_SendByte(0Xd0);
   \   0000000A   0x20D0             MOVS     R0,#+208
   \   0000000C   0x.... 0x....      BL       IIC_SendByte
     20            IIC_SendByte(address);
   \   00000010   0x0020             MOVS     R0,R4
   \   00000012   0xB2C0             UXTB     R0,R0            ;; ZeroExt  R0,R0,#+24,#+24
   \   00000014   0x.... 0x....      BL       IIC_SendByte
     21            IIC_SendByte(thedata);
   \   00000018   0x0028             MOVS     R0,R5
   \   0000001A   0xB2C0             UXTB     R0,R0            ;; ZeroExt  R0,R0,#+24,#+24
   \   0000001C   0x.... 0x....      BL       IIC_SendByte
     22            IIC_Stop();
   \   00000020   0x.... 0x....      BL       IIC_Stop
     23          }
   \   00000024   0xBD31             POP      {R0,R4,R5,PC}    ;; return

   \                                 In section .text, align 2, keep-with-next
     24          void MPU6050_Inital(void)
     25          {	
   \                     MPU6050_Inital: (+1)
   \   00000000   0xB580             PUSH     {R7,LR}
     26            IIC_Init();
   \   00000002   0x.... 0x....      BL       IIC_Init
     27            IIC_DelayMs(100);
   \   00000006   0x2064             MOVS     R0,#+100
   \   00000008   0x.... 0x....      BL       DelayMs
     28            //解除休眠
     29            MPU6050_WriteByte(PWR_MGMT_1 , 0x00 );
   \   0000000C   0x2100             MOVS     R1,#+0
   \   0000000E   0x206B             MOVS     R0,#+107
   \   00000010   0x.... 0x....      BL       MPU6050_WriteByte
     30            MPU6050_WriteByte(SMPLRT_DIV , 0x07 );
   \   00000014   0x2107             MOVS     R1,#+7
   \   00000016   0x2019             MOVS     R0,#+25
   \   00000018   0x.... 0x....      BL       MPU6050_WriteByte
     31            MPU6050_WriteByte(CONFIG , 0x06 );//for dmp 0x00
   \   0000001C   0x2106             MOVS     R1,#+6
   \   0000001E   0x201A             MOVS     R0,#+26
   \   00000020   0x.... 0x....      BL       MPU6050_WriteByte
     32            //MPU6050_WriteByte(AUX_VDDIO,0x80);
     33            MPU6050_WriteByte(GYRO_CONFIG , 0x18 );//for dmp 0x08 
   \   00000024   0x2118             MOVS     R1,#+24
   \   00000026   0x201B             MOVS     R0,#+27
   \   00000028   0x.... 0x....      BL       MPU6050_WriteByte
     34            MPU6050_WriteByte(ACCEL_CONFIG , 0x01 );//for dmp 0x08
   \   0000002C   0x2101             MOVS     R1,#+1
   \   0000002E   0x201C             MOVS     R0,#+28
   \   00000030   0x.... 0x....      BL       MPU6050_WriteByte
     35            //MPU6050_WriteByte(I2C_MST_CTRL,0x00);
     36            //MPU6050_WriteByte(INT_PIN_CFG,0x02);
     37            //  /**************HMC5883寄存器配置通过6050输出******************/
     38            //  HMC_SingleWrite(HMC_CFG1,0x78);
     39            //  HMC_SingleWrite(HMC_CFG2,0x00);
     40            //  HMC_SingleWrite(HMC_MOD,0x00);
     41            IIC_DelayMs(100);	
   \   00000034   0x2064             MOVS     R0,#+100
   \   00000036   0x.... 0x....      BL       DelayMs
     42          }
   \   0000003A   0xBD01             POP      {R0,PC}          ;; return

   \                                 In section .text, align 2, keep-with-next
     43          unsigned short MPU6050_GetData(unsigned char REG_Address)
     44          {
   \                     MPU6050_GetData: (+1)
   \   00000000   0xB538             PUSH     {R3-R5,LR}
   \   00000002   0x0004             MOVS     R4,R0
     45            unsigned char H,L;
     46            H = MPU6050_ReadByte(REG_Address);
   \   00000004   0x0020             MOVS     R0,R4
   \   00000006   0xB2C0             UXTB     R0,R0            ;; ZeroExt  R0,R0,#+24,#+24
   \   00000008   0x.... 0x....      BL       MPU6050_ReadByte
   \   0000000C   0x0005             MOVS     R5,R0
     47            L = MPU6050_ReadByte(REG_Address +1);
   \   0000000E   0x1C60             ADDS     R0,R4,#+1
   \   00000010   0xB2C0             UXTB     R0,R0            ;; ZeroExt  R0,R0,#+24,#+24
   \   00000012   0x.... 0x....      BL       MPU6050_ReadByte
     48            return ((H << 8) +L);  
   \   00000016   0xB2ED             UXTB     R5,R5            ;; ZeroExt  R5,R5,#+24,#+24
   \   00000018   0x0229             LSLS     R1,R5,#+8
   \   0000001A   0xFA51 0xF080      UXTAB    R0,R1,R0
   \   0000001E   0xB280             UXTH     R0,R0            ;; ZeroExt  R0,R0,#+16,#+16
   \   00000020   0xBD32             POP      {R1,R4,R5,PC}    ;; return
     49          }
     50          
     51          

   \                                 In section .text, align 2, keep-with-next
     52          unsigned short mpu6050_getdata(unsigned char moudle,unsigned char axis)
     53          {
   \                     mpu6050_getdata: (+1)
   \   00000000   0xB538             PUSH     {R3-R5,LR}
   \   00000002   0x0004             MOVS     R4,R0
   \   00000004   0x000D             MOVS     R5,R1
     54            if( 0x68 != MPU6050_ReadByte(WHO_AM_I))
   \   00000006   0x2075             MOVS     R0,#+117
   \   00000008   0x.... 0x....      BL       MPU6050_ReadByte
   \   0000000C   0x2868             CMP      R0,#+104
   \   0000000E   0xD001             BEQ.N    ??mpu6050_getdata_0
     55              return 1;		//硬件错误或连接失败
   \   00000010   0x2001             MOVS     R0,#+1
   \   00000012   0xE030             B.N      ??mpu6050_getdata_1
     56            if('G' == moudle)
   \                     ??mpu6050_getdata_0: (+1)
   \   00000014   0xB2E4             UXTB     R4,R4            ;; ZeroExt  R4,R4,#+24,#+24
   \   00000016   0x2C47             CMP      R4,#+71
   \   00000018   0xD114             BNE.N    ??mpu6050_getdata_2
     57            {
     58              if('X' == axis)
   \   0000001A   0xB2ED             UXTB     R5,R5            ;; ZeroExt  R5,R5,#+24,#+24
   \   0000001C   0x2D58             CMP      R5,#+88
   \   0000001E   0xD103             BNE.N    ??mpu6050_getdata_3
     59              {
     60                return MPU6050_GetData(GYRO_XOUT_H);
   \   00000020   0x2043             MOVS     R0,#+67
   \   00000022   0x.... 0x....      BL       MPU6050_GetData
   \   00000026   0xE026             B.N      ??mpu6050_getdata_1
     61              }
     62              if('Y' == axis)
   \                     ??mpu6050_getdata_3: (+1)
   \   00000028   0xB2ED             UXTB     R5,R5            ;; ZeroExt  R5,R5,#+24,#+24
   \   0000002A   0x2D59             CMP      R5,#+89
   \   0000002C   0xD103             BNE.N    ??mpu6050_getdata_4
     63              {
     64                return MPU6050_GetData(GYRO_YOUT_H);
   \   0000002E   0x2045             MOVS     R0,#+69
   \   00000030   0x.... 0x....      BL       MPU6050_GetData
   \   00000034   0xE01F             B.N      ??mpu6050_getdata_1
     65              }
     66              if('Z' == axis)
   \                     ??mpu6050_getdata_4: (+1)
   \   00000036   0xB2ED             UXTB     R5,R5            ;; ZeroExt  R5,R5,#+24,#+24
   \   00000038   0x2D5A             CMP      R5,#+90
   \   0000003A   0xD103             BNE.N    ??mpu6050_getdata_2
     67              {
     68                return MPU6050_GetData(GYRO_ZOUT_H);
   \   0000003C   0x2047             MOVS     R0,#+71
   \   0000003E   0x.... 0x....      BL       MPU6050_GetData
   \   00000042   0xE018             B.N      ??mpu6050_getdata_1
     69              }
     70            }
     71            if('A' == moudle)
   \                     ??mpu6050_getdata_2: (+1)
   \   00000044   0xB2E4             UXTB     R4,R4            ;; ZeroExt  R4,R4,#+24,#+24
   \   00000046   0x2C41             CMP      R4,#+65
   \   00000048   0xD114             BNE.N    ??mpu6050_getdata_5
     72            {
     73              if('X' == axis)
   \   0000004A   0xB2ED             UXTB     R5,R5            ;; ZeroExt  R5,R5,#+24,#+24
   \   0000004C   0x2D58             CMP      R5,#+88
   \   0000004E   0xD103             BNE.N    ??mpu6050_getdata_6
     74              {
     75                return MPU6050_GetData(ACCEL_XOUT_H);
   \   00000050   0x203B             MOVS     R0,#+59
   \   00000052   0x.... 0x....      BL       MPU6050_GetData
   \   00000056   0xE00E             B.N      ??mpu6050_getdata_1
     76              }
     77              if('Y' == axis)
   \                     ??mpu6050_getdata_6: (+1)
   \   00000058   0xB2ED             UXTB     R5,R5            ;; ZeroExt  R5,R5,#+24,#+24
   \   0000005A   0x2D59             CMP      R5,#+89
   \   0000005C   0xD103             BNE.N    ??mpu6050_getdata_7
     78              {
     79                return MPU6050_GetData(ACCEL_YOUT_H);
   \   0000005E   0x203D             MOVS     R0,#+61
   \   00000060   0x.... 0x....      BL       MPU6050_GetData
   \   00000064   0xE007             B.N      ??mpu6050_getdata_1
     80              }
     81              if('Z' == axis)
   \                     ??mpu6050_getdata_7: (+1)
   \   00000066   0xB2ED             UXTB     R5,R5            ;; ZeroExt  R5,R5,#+24,#+24
   \   00000068   0x2D5A             CMP      R5,#+90
   \   0000006A   0xD103             BNE.N    ??mpu6050_getdata_5
     82              {
     83                return MPU6050_GetData(ACCEL_ZOUT_H);
   \   0000006C   0x203F             MOVS     R0,#+63
   \   0000006E   0x.... 0x....      BL       MPU6050_GetData
   \   00000072   0xE000             B.N      ??mpu6050_getdata_1
     84              }
     85            }
     86            return 2;	//	输入参数配置错误
   \                     ??mpu6050_getdata_5: (+1)
   \   00000074   0x2002             MOVS     R0,#+2
   \                     ??mpu6050_getdata_1: (+1)
   \   00000076   0xBD32             POP      {R1,R4,R5,PC}    ;; return
     87          }
     88          

   \                                 In section .text, align 2, keep-with-next
     89          void HMC_SingleWrite(unsigned char regAddress,unsigned char data)
     90          {
   \                     HMC_SingleWrite: (+1)
   \   00000000   0xB538             PUSH     {R3-R5,LR}
   \   00000002   0x0004             MOVS     R4,R0
   \   00000004   0x000D             MOVS     R5,R1
     91            IIC_Start();
   \   00000006   0x.... 0x....      BL       IIC_Start
     92            IIC_SendByte(SLAVE_WRITE_ADDRESS);
   \   0000000A   0x2018             MOVS     R0,#+24
   \   0000000C   0x.... 0x....      BL       IIC_SendByte
     93            IIC_SendByte(regAddress);
   \   00000010   0x0020             MOVS     R0,R4
   \   00000012   0xB2C0             UXTB     R0,R0            ;; ZeroExt  R0,R0,#+24,#+24
   \   00000014   0x.... 0x....      BL       IIC_SendByte
     94            IIC_SendByte(data);
   \   00000018   0x0028             MOVS     R0,R5
   \   0000001A   0xB2C0             UXTB     R0,R0            ;; ZeroExt  R0,R0,#+24,#+24
   \   0000001C   0x.... 0x....      BL       IIC_SendByte
     95            IIC_Stop();
   \   00000020   0x.... 0x....      BL       IIC_Stop
     96          }
   \   00000024   0xBD31             POP      {R0,R4,R5,PC}    ;; return
     97          //**************************************
     98          //从HMC5883L-I2C设备寄存器读取一个字节数据
     99          //**************************************
    100          

   \                                 In section .text, align 2, keep-with-next
    101          unsigned char HMC_SingleRead(unsigned char regAddress)
    102          {
   \                     HMC_SingleRead: (+1)
   \   00000000   0xB510             PUSH     {R4,LR}
   \   00000002   0x0004             MOVS     R4,R0
    103            unsigned char data;
    104            IIC_Start();
   \   00000004   0x.... 0x....      BL       IIC_Start
    105            IIC_SendByte(SLAVE_WRITE_ADDRESS);
   \   00000008   0x2018             MOVS     R0,#+24
   \   0000000A   0x.... 0x....      BL       IIC_SendByte
    106            IIC_SendByte(regAddress);
   \   0000000E   0x0020             MOVS     R0,R4
   \   00000010   0xB2C0             UXTB     R0,R0            ;; ZeroExt  R0,R0,#+24,#+24
   \   00000012   0x.... 0x....      BL       IIC_SendByte
    107            IIC_Start();
   \   00000016   0x.... 0x....      BL       IIC_Start
    108            IIC_SendByte(SLAVE_READ_ADDRESS);
   \   0000001A   0x2019             MOVS     R0,#+25
   \   0000001C   0x.... 0x....      BL       IIC_SendByte
    109            data = IIC_ReadByte();
   \   00000020   0x.... 0x....      BL       IIC_ReadByte
   \   00000024   0x0004             MOVS     R4,R0
    110            IIC_Stop();
   \   00000026   0x.... 0x....      BL       IIC_Stop
    111            return data;
   \   0000002A   0x0020             MOVS     R0,R4
   \   0000002C   0xB2C0             UXTB     R0,R0            ;; ZeroExt  R0,R0,#+24,#+24
   \   0000002E   0xBD10             POP      {R4,PC}          ;; return
    112          }

   Maximum stack usage in bytes:

   .cstack Function
   ------- --------
       8   HMC_SingleRead
         8   -> IIC_ReadByte
         8   -> IIC_SendByte
         8   -> IIC_Start
         8   -> IIC_Stop
      16   HMC_SingleWrite
        16   -> IIC_SendByte
        16   -> IIC_Start
        16   -> IIC_Stop
      16   MPU6050_GetData
        16   -> MPU6050_ReadByte
       8   MPU6050_Inital
         8   -> DelayMs
         8   -> IIC_Init
         8   -> MPU6050_WriteByte
      16   MPU6050_ReadByte
        16   -> IIC_ReadByte
        16   -> IIC_SendByte
        16   -> IIC_Start
        16   -> IIC_Stop
      16   MPU6050_WriteByte
        16   -> IIC_SendByte
        16   -> IIC_Start
        16   -> IIC_Stop
      16   mpu6050_getdata
        16   -> MPU6050_GetData
        16   -> MPU6050_ReadByte


   Section sizes:

   Bytes  Function/Label
   -----  --------------
      48  HMC_SingleRead
      38  HMC_SingleWrite
      34  MPU6050_GetData
      60  MPU6050_Inital
      50  MPU6050_ReadByte
      38  MPU6050_WriteByte
     120  mpu6050_getdata

 
 388 bytes in section .text
 
 388 bytes of CODE memory

Errors: none
Warnings: none
