###############################################################################
#                                                                             #
# IAR ELF Linker V6.70.2.6274/W32 for ARM               16/Mar/2015  23:36:17 #
# Copyright 2007-2013 IAR Systems AB.                                         #
#                                                                             #
#    Output file  =  F:\IMPOARTANT\waiting\CBY_K60\project\(DMA PDB           #
#                    ADC)LPLD_DmaPdbADCx4\iar\RAM\Exe\LPLD_DmaPdbADCx4_K60.ou #
#                    t                                                        #
#    Map file     =  F:\IMPOARTANT\waiting\CBY_K60\project\(DMA PDB           #
#                    ADC)LPLD_DmaPdbADCx4\iar\RAM\List\LPLD_DmaPdbADCx4_K60.m #
#                    ap                                                       #
#    Command line =  "F:\IMPOARTANT\waiting\CBY_K60\project\(DMA PDB          #
#                    ADC)LPLD_DmaPdbADCx4\iar\RAM\Obj\alloc.o"                #
#                    "F:\IMPOARTANT\waiting\CBY_K60\project\(DMA PDB          #
#                    ADC)LPLD_DmaPdbADCx4\iar\RAM\Obj\assert.o"               #
#                    "F:\IMPOARTANT\waiting\CBY_K60\project\(DMA PDB          #
#                    ADC)LPLD_DmaPdbADCx4\iar\RAM\Obj\HW_ADC.o"               #
#                    "F:\IMPOARTANT\waiting\CBY_K60\project\(DMA PDB          #
#                    ADC)LPLD_DmaPdbADCx4\iar\RAM\Obj\HW_CAN.o"               #
#                    "F:\IMPOARTANT\waiting\CBY_K60\project\(DMA PDB          #
#                    ADC)LPLD_DmaPdbADCx4\iar\RAM\Obj\HW_DAC.o"               #
#                    "F:\IMPOARTANT\waiting\CBY_K60\project\(DMA PDB          #
#                    ADC)LPLD_DmaPdbADCx4\iar\RAM\Obj\HW_DMA.o"               #
#                    "F:\IMPOARTANT\waiting\CBY_K60\project\(DMA PDB          #
#                    ADC)LPLD_DmaPdbADCx4\iar\RAM\Obj\HW_ENET.o"              #
#                    "F:\IMPOARTANT\waiting\CBY_K60\project\(DMA PDB          #
#                    ADC)LPLD_DmaPdbADCx4\iar\RAM\Obj\HW_FLASH.o"             #
#                    "F:\IMPOARTANT\waiting\CBY_K60\project\(DMA PDB          #
#                    ADC)LPLD_DmaPdbADCx4\iar\RAM\Obj\HW_FLEXBUS.o"           #
#                    "F:\IMPOARTANT\waiting\CBY_K60\project\(DMA PDB          #
#                    ADC)LPLD_DmaPdbADCx4\iar\RAM\Obj\HW_FTM.o"               #
#                    "F:\IMPOARTANT\waiting\CBY_K60\project\(DMA PDB          #
#                    ADC)LPLD_DmaPdbADCx4\iar\RAM\Obj\HW_GPIO.o"              #
#                    "F:\IMPOARTANT\waiting\CBY_K60\project\(DMA PDB          #
#                    ADC)LPLD_DmaPdbADCx4\iar\RAM\Obj\HW_I2C.o"               #
#                    "F:\IMPOARTANT\waiting\CBY_K60\project\(DMA PDB          #
#                    ADC)LPLD_DmaPdbADCx4\iar\RAM\Obj\HW_LPTMR.o"             #
#                    "F:\IMPOARTANT\waiting\CBY_K60\project\(DMA PDB          #
#                    ADC)LPLD_DmaPdbADCx4\iar\RAM\Obj\HW_MCG.o"               #
#                    "F:\IMPOARTANT\waiting\CBY_K60\project\(DMA PDB          #
#                    ADC)LPLD_DmaPdbADCx4\iar\RAM\Obj\HW_PDB.o"               #
#                    "F:\IMPOARTANT\waiting\CBY_K60\project\(DMA PDB          #
#                    ADC)LPLD_DmaPdbADCx4\iar\RAM\Obj\HW_PIT.o"               #
#                    "F:\IMPOARTANT\waiting\CBY_K60\project\(DMA PDB          #
#                    ADC)LPLD_DmaPdbADCx4\iar\RAM\Obj\HW_RTC.o"               #
#                    "F:\IMPOARTANT\waiting\CBY_K60\project\(DMA PDB          #
#                    ADC)LPLD_DmaPdbADCx4\iar\RAM\Obj\HW_SDHC.o"              #
#                    "F:\IMPOARTANT\waiting\CBY_K60\project\(DMA PDB          #
#                    ADC)LPLD_DmaPdbADCx4\iar\RAM\Obj\HW_SPI.o"               #
#                    "F:\IMPOARTANT\waiting\CBY_K60\project\(DMA PDB          #
#                    ADC)LPLD_DmaPdbADCx4\iar\RAM\Obj\HW_TSI.o"               #
#                    "F:\IMPOARTANT\waiting\CBY_K60\project\(DMA PDB          #
#                    ADC)LPLD_DmaPdbADCx4\iar\RAM\Obj\HW_UART.o"              #
#                    "F:\IMPOARTANT\waiting\CBY_K60\project\(DMA PDB          #
#                    ADC)LPLD_DmaPdbADCx4\iar\RAM\Obj\HW_USB.o"               #
#                    "F:\IMPOARTANT\waiting\CBY_K60\project\(DMA PDB          #
#                    ADC)LPLD_DmaPdbADCx4\iar\RAM\Obj\HW_WDOG.o"              #
#                    "F:\IMPOARTANT\waiting\CBY_K60\project\(DMA PDB          #
#                    ADC)LPLD_DmaPdbADCx4\iar\RAM\Obj\init.o"                 #
#                    "F:\IMPOARTANT\waiting\CBY_K60\project\(DMA PDB          #
#                    ADC)LPLD_DmaPdbADCx4\iar\RAM\Obj\io.o"                   #
#                    "F:\IMPOARTANT\waiting\CBY_K60\project\(DMA PDB          #
#                    ADC)LPLD_DmaPdbADCx4\iar\RAM\Obj\LPLD_DmaPdbADCx4.o"     #
#                    "F:\IMPOARTANT\waiting\CBY_K60\project\(DMA PDB          #
#                    ADC)LPLD_DmaPdbADCx4\iar\RAM\Obj\OLED.o"                 #
#                    "F:\IMPOARTANT\waiting\CBY_K60\project\(DMA PDB          #
#                    ADC)LPLD_DmaPdbADCx4\iar\RAM\Obj\printf.o"               #
#                    "F:\IMPOARTANT\waiting\CBY_K60\project\(DMA PDB          #
#                    ADC)LPLD_DmaPdbADCx4\iar\RAM\Obj\queue.o"                #
#                    "F:\IMPOARTANT\waiting\CBY_K60\project\(DMA PDB          #
#                    ADC)LPLD_DmaPdbADCx4\iar\RAM\Obj\relocate.o"             #
#                    "F:\IMPOARTANT\waiting\CBY_K60\project\(DMA PDB          #
#                    ADC)LPLD_DmaPdbADCx4\iar\RAM\Obj\startup_K60.o"          #
#                    "F:\IMPOARTANT\waiting\CBY_K60\project\(DMA PDB          #
#                    ADC)LPLD_DmaPdbADCx4\iar\RAM\Obj\stdlib.o"               #
#                    "F:\IMPOARTANT\waiting\CBY_K60\project\(DMA PDB          #
#                    ADC)LPLD_DmaPdbADCx4\iar\RAM\Obj\system_MK60DZ10.o"      #
#                    "F:\IMPOARTANT\waiting\CBY_K60\project\(DMA PDB          #
#                    ADC)LPLD_DmaPdbADCx4\iar\RAM\Obj\uif.o" --redirect       #
#                    _Printf=_PrintfFull --redirect _Scanf=_ScanfFull -o      #
#                    "F:\IMPOARTANT\waiting\CBY_K60\project\(DMA PDB          #
#                    ADC)LPLD_DmaPdbADCx4\iar\RAM\Exe\LPLD_DmaPdbADCx4_K60.ou #
#                    t" --map "F:\IMPOARTANT\waiting\CBY_K60\project\(DMA     #
#                    PDB ADC)LPLD_DmaPdbADCx4\iar\RAM\List\LPLD_DmaPdbADCx4_K #
#                    60.map" --config "F:\IMPOARTANT\waiting\CBY_K60\project\ #
#                    (DMA PDB ADC)LPLD_DmaPdbADCx4\iar\..\..\..\lib\iar_confi #
#                    g_files\128KB_Ram.icf" --semihosting --entry             #
#                    __iar_program_start "E:\iar                              #
#                    systems\arm\CMSIS\Lib\IAR\iar_cortexM4l_math.a" --vfe    #
#                                                                             #
#                                                                             #
###############################################################################

*******************************************************************************
*** RUNTIME MODEL ATTRIBUTES
***

CppFlavor       = *
__SystemLibrary = DLib


*******************************************************************************
*** PLACEMENT SUMMARY
***

"A1":  place at 0x1fff0000 { ro section .intvec };
"A2":  place at 0x1fff0410 { ro section .noinit };
"P1":  place in [from 0x1fff0000 to 0x20010000] { ro, block CodeRelocate };
"P2":  place in [from 0x1fff0000 to 0x20010000] {
          rw, block CodeRelocateRam, block CSTACK, block HEAP };

  Section              Kind        Address    Size  Object
  -------              ----        -------    ----  ------
"A1":                                        0x400
  .intvec              ro code  0x1fff0000   0x400  startup_K60.o [1]
                              - 0x1fff0400   0x400

"P1", part 1 of 2:                             0x0
  .rodata              const    0x1fff0400     0x0  zero_init3.o [5]

"A2":                                         0x14
  .noinit              ro code  0x1fff0410    0x10  startup_K60.o [1]
  .noinit              ro code  0x1fff0420     0x4  startup_K60.o [1]
                              - 0x1fff0424    0x14

"P1", part 2 of 2:                          0x2360
  .text                ro code  0x1fff0424   0x508  HW_UART.o [1]
  .text                ro code  0x1fff092c   0x4bc  printf.o [1]
  .text                ro code  0x1fff0de8    0x1c  stdlib.o [1]
  .text                ro code  0x1fff0e04   0x31c  OLED.o [1]
  .text                ro code  0x1fff1120   0x1cc  HW_GPIO.o [1]
  .text                ro code  0x1fff12ec    0x14  assert.o [1]
  .rodata              const    0x1fff1300   0x228  OLED.o [1]
  .text                ro code  0x1fff1528   0x218  HW_SPI.o [1]
  .text                ro code  0x1fff1740   0x1e2  HW_CAN.o [1]
  .text                ro code  0x1fff1922    0x22  zero_init3.o [5]
  .text                ro code  0x1fff1944   0x1a8  system_MK60DZ10.o [1]
  .text                ro code  0x1fff1aec    0xa0  relocate.o [1]
  .text                ro code  0x1fff1b8c   0x1a4  HW_MCG.o [1]
  .text                ro code  0x1fff1d30    0x56  ABImemcpy_unaligned.o [5]
  .text                ro code  0x1fff1d88   0x168  HW_DMA.o [1]
  .text                ro code  0x1fff1ef0    0xf8  LPLD_DmaPdbADCx4.o [1]
  .text                ro code  0x1fff1fe8    0xf4  HW_DAC.o [1]
  .text                ro code  0x1fff20dc    0xcc  HW_I2C.o [1]
  .text                ro code  0x1fff21a8    0x80  HW_ENET.o [1]
  .text                ro code  0x1fff2228    0x80  HW_PDB.o [1]
  .text                ro code  0x1fff22a8    0x70  HW_TSI.o [1]
  .text                ro code  0x1fff2318    0x6c  HW_PIT.o [1]
  .text                ro code  0x1fff2384    0x60  HW_RTC.o [1]
  CodeRelocate                  0x1fff23e4    0x4c  <Block>
    Initializer bytes  ro data  0x1fff23e4    0x4c  <for CodeRelocateRam-1>
  .rodata              const    0x1fff2430    0x48  system_MK60DZ10.o [1]
  .rodata              const    0x1fff2478    0x44  system_MK60DZ10.o [1]
  .rodata              const    0x1fff24bc    0x44  system_MK60DZ10.o [1]
  .rodata              const    0x1fff2500    0x3c  HW_GPIO.o [1]
  .rodata              const    0x1fff253c    0x30  assert.o [1]
  .rodata              const    0x1fff256c    0x30  system_MK60DZ10.o [1]
  .rodata              const    0x1fff259c    0x30  system_MK60DZ10.o [1]
  .text                ro code  0x1fff25cc    0x28  data_init.o [5]
  .rodata              const    0x1fff25f4    0x24  system_MK60DZ10.o [1]
  .rodata              const    0x1fff2618    0x24  system_MK60DZ10.o [1]
  .text                ro code  0x1fff263c    0x24  HW_FTM.o [1]
  .iar.init_table      const    0x1fff2660    0x10  - Linker created -
  .rodata              const    0x1fff2670    0x20  system_MK60DZ10.o [1]
  .text                ro code  0x1fff2690    0x20  HW_LPTMR.o [1]
  .text                ro code  0x1fff26b0    0x1a  cmain.o [5]
  .text                ro code  0x1fff26ca     0x4  low_level_init.o [3]
  .text                ro code  0x1fff26ce     0x4  exit.o [3]
  .text                ro code  0x1fff26d4     0xa  cexit.o [5]
  .text                ro code  0x1fff26e0    0x14  exit.o [6]
  .rodata              const    0x1fff26f4    0x18  LPLD_DmaPdbADCx4.o [1]
  .text                ro code  0x1fff270c    0x18  HW_ADC.o [1]
  .rodata              const    0x1fff2724    0x14  LPLD_DmaPdbADCx4.o [1]
  .text                ro code  0x1fff2738    0x14  io.o [1]
  .data_init                    0x1fff274c    0x14  <Block>
    Initializer bytes  ro data  0x1fff274c    0x14  <for .data-1>
  .text                ro code  0x1fff2760    0x10  HW_USB.o [1]
  .text                ro code  0x1fff2770     0xc  cstartup_M.o [5]
  .rodata              const    0x1fff277c     0x8  system_MK60DZ10.o [1]
                              - 0x1fff2784  0x2360

"P2", part 1 of 3:                            0x60
  CodeRelocateRam               0x1fff2784    0x4c  <Block>
    CodeRelocateRam-1           0x1fff2784    0x4c  <Init block>
      .textrw          inited   0x1fff2784    0x4c  HW_MCG.o [1]
  .data                         0x1fff27d0    0x14  <Block>
    .data-1                     0x1fff27d0    0x14  <Init block>
      .data            inited   0x1fff27d0     0x4  HW_MCG.o [1]
      .data            inited   0x1fff27d4     0x4  HW_MCG.o [1]
      .data            inited   0x1fff27d8     0x4  HW_MCG.o [1]
      .data            inited   0x1fff27dc     0x4  HW_MCG.o [1]
      .data            inited   0x1fff27e0     0x4  system_MK60DZ10.o [1]
                              - 0x1fff27e4    0x60

"P2", part 2 of 3:                           0x2dc
  .bss                          0x1fff27e4   0x2d8  <Block>
    .bss               zero     0x1fff27e4     0x8  HW_ADC.o [1]
    .bss               zero     0x1fff27ec   0x100  HW_CAN.o [1]
    .bss               zero     0x1fff28ec    0x40  HW_CAN.o [1]
    .bss               zero     0x1fff292c    0x40  HW_CAN.o [1]
    .bss               zero     0x1fff296c     0x8  HW_DAC.o [1]
    .bss               zero     0x1fff2974     0x8  HW_DAC.o [1]
    .bss               zero     0x1fff297c     0x8  HW_DAC.o [1]
    .bss               zero     0x1fff2984    0x40  HW_DMA.o [1]
    .bss               zero     0x1fff29c4    0x10  HW_ENET.o [1]
    .bss               zero     0x1fff29d4     0xc  HW_FTM.o [1]
    .bss               zero     0x1fff29e0    0x14  HW_GPIO.o [1]
    .bss               zero     0x1fff29f4     0x8  HW_I2C.o [1]
    .bss               zero     0x1fff29fc     0x4  HW_LPTMR.o [1]
    .bss               zero     0x1fff2a00     0x4  HW_PDB.o [1]
    .bss               zero     0x1fff2a04     0x4  HW_PDB.o [1]
    .bss               zero     0x1fff2a08    0x10  HW_PIT.o [1]
    .bss               zero     0x1fff2a18     0xc  HW_RTC.o [1]
    .bss               zero     0x1fff2a24    0x18  HW_SPI.o [1]
    .bss               zero     0x1fff2a3c    0x18  HW_SPI.o [1]
    .bss               zero     0x1fff2a54    0x18  HW_SPI.o [1]
    .bss               zero     0x1fff2a6c     0x8  HW_TSI.o [1]
    .bss               zero     0x1fff2a74    0x18  HW_UART.o [1]
    .bss               zero     0x1fff2a8c    0x18  HW_UART.o [1]
    .bss               zero     0x1fff2aa4     0x4  HW_USB.o [1]
    .bss               zero     0x1fff2aa8    0x14  LPLD_DmaPdbADCx4.o [1]
                              - 0x1fff2abc   0x2d8

"P2", part 3 of 3:                           0x400
  CSTACK                        0x1fff2ac0   0x400  <Block>
    CSTACK             uninit   0x1fff2ac0   0x400  <Block tail>
                              - 0x1fff2ec0   0x400


*******************************************************************************
*** INIT TABLE
***

          Address     Size
          -------     ----
Zero (__iar_zero_init3)
    1 destination range, total size 0x2d8:
          0x1fff27e4  0x2d8



*******************************************************************************
*** MODULE SUMMARY
***

    Module                 ro code  rw code  ro data  rw data
    ------                 -------  -------  -------  -------
F:\IMPOARTANT\waiting\CBY_K60\project\(DMA PDB ADC)LPLD_DmaPdbADCx4\iar\RAM\Obj: [1]
    HW_ADC.o                    24                          8
    HW_CAN.o                   482                        384
    HW_DAC.o                   244                         24
    HW_DMA.o                   360                         64
    HW_ENET.o                  128                         16
    HW_FTM.o                    36                         12
    HW_GPIO.o                  460                60       20
    HW_I2C.o                   204                          8
    HW_LPTMR.o                  32                          4
    HW_MCG.o                   420       76       92       16
    HW_PDB.o                   128                          8
    HW_PIT.o                   108                         16
    HW_RTC.o                    96                         12
    HW_SPI.o                   536                         72
    HW_TSI.o                   112                          8
    HW_UART.o                1 288                         48
    HW_USB.o                    16                          4
    LPLD_DmaPdbADCx4.o         248                44       20
    OLED.o                     796               552
    assert.o                    20                48
    io.o                        20
    printf.o                 1 212
    relocate.o                 160
    startup_K60.o            1 044
    stdlib.o                    28
    system_MK60DZ10.o          424               420        4
    ---------------------------------------------------------
    Total:                   8 626       76    1 216      748

command line: [2]
    ---------------------------------------------------------
    Total:

dl7M_tln.a: [3]
    exit.o                       4
    low_level_init.o             4
    ---------------------------------------------------------
    Total:                       8

m7M_tl.a: [4]
    ---------------------------------------------------------
    Total:

rt7M_tl.a: [5]
    ABImemcpy_unaligned.o       86
    cexit.o                     10
    cmain.o                     26
    cstartup_M.o                12
    data_init.o                 40
    zero_init3.o                34
    ---------------------------------------------------------
    Total:                     208

shb_l.a: [6]
    exit.o                      20
    ---------------------------------------------------------
    Total:                      20

    Gaps                         6
    Linker created                                16    1 024
-------------------------------------------------------------
    Grand Total:             8 868       76    1 232    1 772


*******************************************************************************
*** ENTRY LIST
***

Entry                      Address   Size  Type      Object
-----                      -------   ----  ----      ------
.bss$$Base              0x1fff27e4          --   Gb  - Linker created -
.bss$$Limit             0x1fff2abc          --   Gb  - Linker created -
.data$$Base             0x1fff27d0          --   Gb  - Linker created -
.data$$Limit            0x1fff27e4          --   Gb  - Linker created -
.data_init$$Base        0x1fff274c          --   Gb  - Linker created -
.data_init$$Limit       0x1fff2760          --   Gb  - Linker created -
?main                   0x1fff26b1         Code  Gb  cmain.o [5]
ADC0_IRQHandler         0x1fff270d    0xa  Code  Gb  HW_ADC.o [1]
ADC1_IRQHandler         0x1fff2717    0xa  Code  Gb  HW_ADC.o [1]
ADC_ISR                 0x1fff27e4    0x8  Data  Gb  HW_ADC.o [1]
ASSERT_FAILED_STR       0x1fff253c   0x30  Data  Gb  assert.o [1]
CAN0_BUS_OFF_IRQHandler
                        0x1fff189b    0x8  Code  Gb  HW_CAN.o [1]
CAN0_ERR_IRQHandler     0x1fff18a3    0xe  Code  Gb  HW_CAN.o [1]
CAN0_IMEU_IRQHandler    0x1fff18c7    0x2  Code  Gb  HW_CAN.o [1]
CAN0_ISR                0x1fff28ec   0x40  Data  Gb  HW_CAN.o [1]
CAN0_LR_IRQHandler      0x1fff18c9    0x2  Code  Gb  HW_CAN.o [1]
CAN0_MESS_IRQHandler    0x1fff1893    0x8  Code  Gb  HW_CAN.o [1]
CAN0_RW_IRQHandler      0x1fff18bb    0xa  Code  Gb  HW_CAN.o [1]
CAN0_TW_IRQHandler      0x1fff18b1    0xa  Code  Gb  HW_CAN.o [1]
CAN0_WAKE_UP_IRQHandler
                        0x1fff18c5    0x2  Code  Gb  HW_CAN.o [1]
CAN1_BUS_OFF_IRQHandler
                        0x1fff18d3    0x8  Code  Gb  HW_CAN.o [1]
CAN1_ERR_IRQHandler     0x1fff18db    0xe  Code  Gb  HW_CAN.o [1]
CAN1_IMEU_IRQHandler    0x1fff191f    0x2  Code  Gb  HW_CAN.o [1]
CAN1_ISR                0x1fff292c   0x40  Data  Gb  HW_CAN.o [1]
CAN1_LR_IRQHandler      0x1fff1921    0x2  Code  Gb  HW_CAN.o [1]
CAN1_MESS_IRQHandler    0x1fff18cb    0x8  Code  Gb  HW_CAN.o [1]
CAN1_RW_IRQHandler      0x1fff18f3    0xa  Code  Gb  HW_CAN.o [1]
CAN1_TW_IRQHandler      0x1fff18e9    0xa  Code  Gb  HW_CAN.o [1]
CAN1_WAKE_UP_IRQHandler
                        0x1fff191d    0x2  Code  Gb  HW_CAN.o [1]
CSTACK$$Base            0x1fff2ac0          --   Gb  - Linker created -
CSTACK$$Limit           0x1fff2ec0          --   Gb  - Linker created -
CodeRelocate$$Base      0x1fff23e4          --   Gb  - Linker created -
CodeRelocate$$Limit     0x1fff2430          --   Gb  - Linker created -
CodeRelocateRam$$Base   0x1fff2784          --   Gb  - Linker created -
CodeRelocateRam$$Limit  0x1fff27d0          --   Gb  - Linker created -
DAC0_IRQHandler         0x1fff1fe9   0x6a  Code  Gb  HW_DAC.o [1]
DAC1_IRQHandler         0x1fff2053   0x6a  Code  Gb  HW_DAC.o [1]
DAC_RDPTBOT_ISR         0x1fff296c    0x8  Data  Gb  HW_DAC.o [1]
DAC_RDPTTOP_ISR         0x1fff2974    0x8  Data  Gb  HW_DAC.o [1]
DAC_WATERMK_ISR         0x1fff297c    0x8  Data  Gb  HW_DAC.o [1]
DLY_ms                  0x1fff1f4d   0x20  Code  Gb  LPLD_DmaPdbADCx4.o [1]
DMA0_IRQHandler         0x1fff1d89   0x16  Code  Gb  HW_DMA.o [1]
DMA10_IRQHandler        0x1fff1e65   0x16  Code  Gb  HW_DMA.o [1]
DMA11_IRQHandler        0x1fff1e7b   0x16  Code  Gb  HW_DMA.o [1]
DMA12_IRQHandler        0x1fff1e91   0x16  Code  Gb  HW_DMA.o [1]
DMA13_IRQHandler        0x1fff1ea7   0x16  Code  Gb  HW_DMA.o [1]
DMA14_IRQHandler        0x1fff1ebd   0x16  Code  Gb  HW_DMA.o [1]
DMA15_IRQHandler        0x1fff1ed3   0x16  Code  Gb  HW_DMA.o [1]
DMA1_IRQHandler         0x1fff1d9f   0x16  Code  Gb  HW_DMA.o [1]
DMA2_IRQHandler         0x1fff1db5   0x16  Code  Gb  HW_DMA.o [1]
DMA3_IRQHandler         0x1fff1dcb   0x16  Code  Gb  HW_DMA.o [1]
DMA4_IRQHandler         0x1fff1de1   0x16  Code  Gb  HW_DMA.o [1]
DMA5_IRQHandler         0x1fff1df7   0x16  Code  Gb  HW_DMA.o [1]
DMA6_IRQHandler         0x1fff1e0d   0x16  Code  Gb  HW_DMA.o [1]
DMA7_IRQHandler         0x1fff1e23   0x16  Code  Gb  HW_DMA.o [1]
DMA8_IRQHandler         0x1fff1e39   0x16  Code  Gb  HW_DMA.o [1]
DMA9_IRQHandler         0x1fff1e4f   0x16  Code  Gb  HW_DMA.o [1]
DMA_ISR                 0x1fff2984   0x40  Data  Gb  HW_DMA.o [1]
DefaultISR              0x1fff1a75   0x14  Code  Gb  system_MK60DZ10.o [1]
ENET_ISR                0x1fff29c4   0x10  Data  Gb  HW_ENET.o [1]
Eth_Err_Misc_IRQHandler
                        0x1fff220b   0x16  Code  Gb  HW_ENET.o [1]
Eth_IEEE1588_IRQHandler
                        0x1fff21f5   0x16  Code  Gb  HW_ENET.o [1]
Eth_RX_IRQHandler       0x1fff21a9   0x26  Code  Gb  HW_ENET.o [1]
Eth_TX_IRQHandler       0x1fff21cf   0x26  Code  Gb  HW_ENET.o [1]
F6x8                    0x1fff1300  0x228  Data  Gb  OLED.o [1]
FTM0_IRQHandler         0x1fff263d    0xa  Code  Gb  HW_FTM.o [1]
FTM1_IRQHandler         0x1fff2647    0xa  Code  Gb  HW_FTM.o [1]
FTM2_IRQHandler         0x1fff2651    0xa  Code  Gb  HW_FTM.o [1]
FTM_ISR                 0x1fff29d4    0xc  Data  Gb  HW_FTM.o [1]
GPIO                    0x1fff1205   0x42  Code  Gb  HW_GPIO.o [1]
GPIO_ISR                0x1fff29e0   0x14  Data  Gb  HW_GPIO.o [1]
HardFault_Handler       0x1fff1a6b    0xa  Code  Gb  system_MK60DZ10.o [1]
I2C0_IRQHandler         0x1fff20dd   0x5a  Code  Gb  HW_I2C.o [1]
I2C1_IRQHandler         0x1fff2137   0x5a  Code  Gb  HW_I2C.o [1]
I2C_ISR                 0x1fff29f4    0x8  Data  Gb  HW_I2C.o [1]
LCD_CLS                 0x1fff0f07   0x38  Code  Gb  OLED.o [1]
LCD_DLY_ms              0x1fff0f3f   0x1a  Code  Gb  OLED.o [1]
LCD_Fill                0x1fff0ecb   0x3c  Code  Gb  OLED.o [1]
LCD_P6x8Str             0x1fff1091   0x7a  Code  Gb  OLED.o [1]
LCD_Set_Pos             0x1fff0e9f   0x2c  Code  Gb  OLED.o [1]
LCD_WrCmd               0x1fff0e55   0x4a  Code  Gb  OLED.o [1]
LCD_WrDat               0x1fff0e05   0x4e  Code  Gb  OLED.o [1]
LPLD_CAN_Interrupt_ClearPending
                        0x1fff1741   0x24  Code  Lc  HW_CAN.o [1]
LPLD_CAN_Interrupt_GetFlag
                        0x1fff1765   0x1e  Code  Lc  HW_CAN.o [1]
LPLD_CAN_MB_ISR         0x1fff1839   0x5a  Code  Lc  HW_CAN.o [1]
LPLD_CAN_Receive_Interrupt
                        0x1fff17dd   0x5c  Code  Lc  HW_CAN.o [1]
LPLD_CAN_Transmit_Interrupt
                        0x1fff1783   0x5a  Code  Gb  HW_CAN.o [1]
LPLD_GPIO_Init          0x1fff1121   0xe4  Code  Gb  HW_GPIO.o [1]
LPLD_PLL_Setup          0x1fff1b8d  0x1a4  Code  Gb  HW_MCG.o [1]
LPLD_Set_SYS_DIV        0x1fff2785   0x4c  Code  Gb  HW_MCG.o [1]
LPLD_UART_Init          0x1fff0425  0x316  Code  Gb  HW_UART.o [1]
LPLD_UART_PutChar       0x1fff073b    0xa  Code  Gb  HW_UART.o [1]
LPTMR_ISR               0x1fff29fc    0x4  Data  Gb  HW_LPTMR.o [1]
LPT_IRQHandler          0x1fff2691   0x16  Code  Gb  HW_LPTMR.o [1]
OLED_Init               0x1fff0f59  0x138  Code  Gb  OLED.o [1]
PDB_IRQHandler          0x1fff2229   0x6a  Code  Gb  HW_PDB.o [1]
PDB_ISR                 0x1fff2a00    0x4  Data  Gb  HW_PDB.o [1]
PDB_SE_ISR              0x1fff2a04    0x4  Data  Gb  HW_PDB.o [1]
PIT0_IRQHandler         0x1fff2319   0x16  Code  Gb  HW_PIT.o [1]
PIT1_IRQHandler         0x1fff232f   0x16  Code  Gb  HW_PIT.o [1]
PIT2_IRQHandler         0x1fff2345   0x16  Code  Gb  HW_PIT.o [1]
PIT3_IRQHandler         0x1fff235b   0x16  Code  Gb  HW_PIT.o [1]
PIT_ISR                 0x1fff2a08   0x10  Data  Gb  HW_PIT.o [1]
PORTA_IRQHandler        0x1fff1247   0x12  Code  Gb  HW_GPIO.o [1]
PORTB_IRQHandler        0x1fff1259   0x12  Code  Gb  HW_GPIO.o [1]
PORTC_IRQHandler        0x1fff126b   0x12  Code  Gb  HW_GPIO.o [1]
PORTD_IRQHandler        0x1fff127d   0x12  Code  Gb  HW_GPIO.o [1]
PORTE_IRQHandler        0x1fff128f   0x12  Code  Gb  HW_GPIO.o [1]
RTC_IRQHandler          0x1fff2385   0x56  Code  Gb  HW_RTC.o [1]
RTC_ISR                 0x1fff2a18    0xc  Data  Gb  HW_RTC.o [1]
Region$$Table$$Base     0x1fff2660          --   Gb  - Linker created -
Region$$Table$$Limit    0x1fff2670          --   Gb  - Linker created -
SPI0_IRQHandler         0x1fff1529   0xaa  Code  Gb  HW_SPI.o [1]
SPI0_ISR                0x1fff2a24   0x18  Data  Gb  HW_SPI.o [1]
SPI1_IRQHandler         0x1fff15d3   0xaa  Code  Gb  HW_SPI.o [1]
SPI1_ISR                0x1fff2a3c   0x18  Data  Gb  HW_SPI.o [1]
SPI2_IRQHandler         0x1fff167d   0xaa  Code  Gb  HW_SPI.o [1]
SPI2_ISR                0x1fff2a54   0x18  Data  Gb  HW_SPI.o [1]
SystemCoreClock         0x1fff27e0    0x4  Data  Gb  system_MK60DZ10.o [1]
SystemCoreClockUpdate   0x1fff1a45   0x26  Code  Gb  system_MK60DZ10.o [1]
SystemInit              0x1fff1945  0x100  Code  Gb  system_MK60DZ10.o [1]
TSI_IRQHandler          0x1fff22a9   0x5c  Code  Gb  HW_TSI.o [1]
TSI_ISR                 0x1fff2a6c    0x8  Data  Gb  HW_TSI.o [1]
UART0_IRQHandler        0x1fff0745   0x30  Code  Gb  HW_UART.o [1]
UART1_IRQHandler        0x1fff0775   0x30  Code  Gb  HW_UART.o [1]
UART2_IRQHandler        0x1fff07a5   0x30  Code  Gb  HW_UART.o [1]
UART3_IRQHandler        0x1fff07d5   0x30  Code  Gb  HW_UART.o [1]
UART4_IRQHandler        0x1fff0805   0x30  Code  Gb  HW_UART.o [1]
UART5_IRQHandler        0x1fff0835   0x30  Code  Gb  HW_UART.o [1]
UART_R_ISR              0x1fff2a74   0x18  Data  Gb  HW_UART.o [1]
UART_T_ISR              0x1fff2a8c   0x18  Data  Gb  HW_UART.o [1]
USB_ISR                 0x1fff2aa4    0x4  Data  Gb  HW_USB.o [1]
USB_OTG_IRQHandler      0x1fff2761    0xa  Code  Gb  HW_USB.o [1]
__BOOT_STACK_ADDRESS {Abs}
                        0x2000fff8          --   Gb  command line/config [2]
__VECTOR_RAM {Abs}      0x1fff0000          --   Gb  command line/config [2]
__VECTOR_TABLE {Abs}    0x1fff0000          --   Gb  command line/config [2]
__Vectors               0x1fff0000          --   Gb  startup_K60.o [1]
__Vectors_End           0x1fff0400         Data  Gb  startup_K60.o [1]
__Vectors_Size {Abs}    0x00000400          --   Gb  startup_K60.o [1]
__cmain                 0x1fff26b1         Code  Gb  cmain.o [5]
__exit                  0x1fff26e1   0x14  Code  Gb  exit.o [6]
__iar_data_init3        0x1fff25cd   0x28  Code  Gb  data_init.o [5]
__iar_program_start     0x1fff2771         Code  Gb  cstartup_M.o [5]
__iar_unaligned___aeabi_memcpy4
                        0x1fff1d31         Code  Gb  ABImemcpy_unaligned.o [5]
__iar_unaligned___aeabi_memcpy8
                        0x1fff1d31         Code  Gb  ABImemcpy_unaligned.o [5]
__iar_zero_init3        0x1fff1923   0x22  Code  Gb  zero_init3.o [5]
__low_level_init        0x1fff26cb    0x4  Code  Gb  low_level_init.o [3]
__vector_table          0x1fff0000         Data  Gb  startup_K60.o [1]
__vector_table_0x1c     0x1fff001c         Data  Gb  startup_K60.o [1]
_call_main              0x1fff26bd         Code  Gb  cmain.o [5]
_exit                   0x1fff26d5         Code  Gb  cexit.o [5]
_main                   0x1fff26c7         Code  Gb  cmain.o [5]
assert_failed           0x1fff12ed   0x14  Code  Gb  assert.o [1]
common_relocate         0x1fff1aed   0xa0  Code  Gb  relocate.o [1]
exit                    0x1fff26cf    0x4  Code  Gb  exit.o [3]
flexcan_msgobj_param_t  0x1fff27ec  0x100  Data  Gb  HW_CAN.o [1]
g_bus_clock             0x1fff27d4    0x4  Data  Gb  HW_MCG.o [1]
g_core_clock            0x1fff27d0    0x4  Data  Gb  HW_MCG.o [1]
g_flash_clock           0x1fff27d8    0x4  Data  Gb  HW_MCG.o [1]
g_flexbus_clock         0x1fff27dc    0x4  Data  Gb  HW_MCG.o [1]
gpio_init_struct        0x1fff2aa8   0x14  Data  Gb  LPLD_DmaPdbADCx4.o [1]
init_gpio               0x1fff1ef1   0x5c  Code  Gb  LPLD_DmaPdbADCx4.o [1]
main                    0x1fff1f6d   0x62  Code  Gb  LPLD_DmaPdbADCx4.o [1]
out_char                0x1fff2739    0xe  Code  Gb  io.o [1]
printf                  0x1fff0dc5   0x1e  Code  Gb  printf.o [1]
printk                  0x1fff0a05  0x3c0  Code  Gb  printf.o [1]
printk_mknumstr         0x1fff0959   0x70  Code  Lc  printf.o [1]
printk_pad_space        0x1fff09e7   0x1e  Code  Lc  printf.o [1]
printk_pad_zero         0x1fff09c9   0x1e  Code  Lc  printf.o [1]
printk_putc             0x1fff092d   0x2c  Code  Lc  printf.o [1]
strlen                  0x1fff0de9   0x1c  Code  Gb  stdlib.o [1]


[1] = F:\IMPOARTANT\waiting\CBY_K60\project\(DMA PDB ADC)LPLD_DmaPdbADCx4\iar\RAM\Obj
[2] = command line
[3] = dl7M_tln.a
[4] = m7M_tl.a
[5] = rt7M_tl.a
[6] = shb_l.a

  8 868 bytes of readonly  code memory
     76 bytes of readwrite code memory
  1 232 bytes of readonly  data memory
  1 772 bytes of readwrite data memory

Errors: none
Warnings: none
